[INFO] Scanning for projects...
[WARNING] 
[WARNING] Some problems were encountered while building the effective model for org.deployd:deploydseleniumtest:jar:1.0-SNAPSHOT
[WARNING] 'build.plugins.plugin.version' for org.apache.maven.plugins:maven-surefire-plugin is missing. @ line 57, column 21
[WARNING] 
[WARNING] It is highly recommended to fix these problems because they threaten the stability of your build.
[WARNING] 
[WARNING] For this reason, future Maven versions might no longer support building such malformed projects.
[WARNING] 
[INFO] 
[INFO] ------------------------------------------------------------------------
[INFO] Building deploydseleniumtest 1.0-SNAPSHOT
[INFO] ------------------------------------------------------------------------
[INFO] 
[INFO] --- maven-clean-plugin:2.5:clean (default-clean) @ deploydseleniumtest ---
[INFO] Deleting /Users/deepakchaudhary/dc_consulting/deploydseleniumtest/target
[INFO] 
[INFO] --- maven-dependency-plugin:2.8:properties (default) @ deploydseleniumtest ---
[INFO] 
[INFO] --- maven-resources-plugin:2.6:resources (default-resources) @ deploydseleniumtest ---
[WARNING] Using platform encoding (UTF-8 actually) to copy filtered resources, i.e. build is platform dependent!
[INFO] Copying 1 resource
[INFO] 
[INFO] --- maven-compiler-plugin:3.8.1:compile (default-compile) @ deploydseleniumtest ---
[INFO] Changes detected - recompiling the module!
[WARNING] File encoding has not been set, using platform encoding UTF-8, i.e. build is platform dependent!
[INFO] Compiling 3 source files to /Users/deepakchaudhary/dc_consulting/deploydseleniumtest/target/classes
[INFO] /Users/deepakchaudhary/dc_consulting/deploydseleniumtest/src/main/java/org/deployd/test/Test.java: /Users/deepakchaudhary/dc_consulting/deploydseleniumtest/src/main/java/org/deployd/test/Test.java uses or overrides a deprecated API.
[INFO] /Users/deepakchaudhary/dc_consulting/deploydseleniumtest/src/main/java/org/deployd/test/Test.java: Recompile with -Xlint:deprecation for details.
[INFO] 
[INFO] --- maven-resources-plugin:2.6:testResources (default-testResources) @ deploydseleniumtest ---
[WARNING] Using platform encoding (UTF-8 actually) to copy filtered resources, i.e. build is platform dependent!
[INFO] skip non existing resourceDirectory /Users/deepakchaudhary/dc_consulting/deploydseleniumtest/src/test/resources
[INFO] 
[INFO] --- maven-compiler-plugin:3.8.1:testCompile (default-testCompile) @ deploydseleniumtest ---
[INFO] Changes detected - recompiling the module!
[WARNING] File encoding has not been set, using platform encoding UTF-8, i.e. build is platform dependent!
[INFO] Compiling 1 source file to /Users/deepakchaudhary/dc_consulting/deploydseleniumtest/target/test-classes
[INFO] 
[INFO] --- maven-surefire-plugin:2.12.4:test (default-test) @ deploydseleniumtest ---
[INFO] Surefire report directory: /Users/deepakchaudhary/dc_consulting/deploydseleniumtest/target/surefire-reports

-------------------------------------------------------
 T E S T S
-------------------------------------------------------
1419 [main] INFO org.deployd.agent.TestAgent - ***** initializing agent ***** null
Running TestSuite
WARNING: An illegal reflective access operation has occurred
WARNING: Illegal reflective access by io.netty.util.internal.ReflectionUtil (file:/Users/deepakchaudhary/.m2/repository/io/netty/netty-all/4.0.51.Final/netty-all-4.0.51.Final.jar) to constructor java.nio.DirectByteBuffer(long,int)
WARNING: Please consider reporting this to the maintainers of io.netty.util.internal.ReflectionUtil
WARNING: Use --illegal-access=warn to enable warnings of further illegal reflective access operations
WARNING: All illegal access operations will be denied in a future release
LOAD PAGE
 ###### DefaultFullHttpRequest(decodeResult: success, version: HTTP/1.1, content: UnpooledByteBufAllocator$InstrumentedUnpooledUnsafeHeapByteBuf(ridx: 0, widx: 0, cap: 0))
CONNECT ai.lurn.tools:443 HTTP/1.1
User-Agent: Mozilla/5.0 (Macintosh; Intel Mac OS X 10.14; rv:89.0) Gecko/20100101 Firefox/89.0
Proxy-Connection: keep-alive
Connection: keep-alive
Host: ai.lurn.tools:443
Content-Length: 0 : [User-Agent=Mozilla/5.0 (Macintosh; Intel Mac OS X 10.14; rv:89.0) Gecko/20100101 Firefox/89.0, Proxy-Connection=keep-alive, Connection=keep-alive, Host=ai.lurn.tools:443, Content-Length=0, X-TESTID=org.deployd.test.FirstSeleniumTestbuildingTestMethod2]
 ###### DefaultFullHttpRequest(decodeResult: success, version: HTTP/1.1, content: UnpooledByteBufAllocator$InstrumentedUnpooledUnsafeHeapByteBuf(ridx: 0, widx: 0, cap: 0))
CONNECT ai.lurn.tools:443 HTTP/1.1
User-Agent: Mozilla/5.0 (Macintosh; Intel Mac OS X 10.14; rv:89.0) Gecko/20100101 Firefox/89.0
Proxy-Connection: keep-alive
Connection: keep-alive
Host: ai.lurn.tools:443
Content-Length: 0 : [User-Agent=Mozilla/5.0 (Macintosh; Intel Mac OS X 10.14; rv:89.0) Gecko/20100101 Firefox/89.0, Proxy-Connection=keep-alive, Connection=keep-alive, Host=ai.lurn.tools:443, Content-Length=0, X-TESTID=org.deployd.test.FirstSeleniumTestbuildingTestMethod2, X-TESTID=org.deployd.test.FirstSeleniumTestbuildingTestMethod3]
 ###### DefaultFullHttpRequest(decodeResult: success, version: HTTP/1.1, content: UnpooledByteBufAllocator$InstrumentedUnpooledUnsafeHeapByteBuf(ridx: 0, widx: 0, cap: 0))
CONNECT ai.lurn.tools:443 HTTP/1.1
User-Agent: Mozilla/5.0 (Macintosh; Intel Mac OS X 10.14; rv:89.0) Gecko/20100101 Firefox/89.0
Proxy-Connection: keep-alive
Connection: keep-alive
Host: ai.lurn.tools:443
Content-Length: 0 : [User-Agent=Mozilla/5.0 (Macintosh; Intel Mac OS X 10.14; rv:89.0) Gecko/20100101 Firefox/89.0, Proxy-Connection=keep-alive, Connection=keep-alive, Host=ai.lurn.tools:443, Content-Length=0, X-TESTID=org.deployd.test.FirstSeleniumTestbuildingTestMethod2, X-TESTID=org.deployd.test.FirstSeleniumTestbuildingTestMethod3, X-TESTID=org.deployd.test.FirstSeleniumTestbuildingTestMethod]
 ###### DefaultHttpRequest(decodeResult: success, version: HTTP/1.1)
GET / HTTP/1.1
Host: push.services.mozilla.com
User-Agent: Mozilla/5.0 (Macintosh; Intel Mac OS X 10.14; rv:89.0) Gecko/20100101 Firefox/89.0
Accept: */*
Accept-Language: en-US,en;q=0.5
Accept-Encoding: gzip, deflate, br
Sec-WebSocket-Version: 13
Origin: wss://push.services.mozilla.com/
Sec-WebSocket-Protocol: push-notification
Sec-WebSocket-Extensions: permessage-deflate
Sec-WebSocket-Key: o0G7BWC88ffvK0MMUelYQw==
Connection: keep-alive, Upgrade
Pragma: no-cache
Cache-Control: no-cache
Upgrade: websocket : [Host=push.services.mozilla.com, User-Agent=Mozilla/5.0 (Macintosh; Intel Mac OS X 10.14; rv:89.0) Gecko/20100101 Firefox/89.0, Accept=*/*, Accept-Language=en-US,en;q=0.5, Accept-Encoding=gzip, deflate, br, Sec-WebSocket-Version=13, Origin=wss://push.services.mozilla.com/, Sec-WebSocket-Protocol=push-notification, Sec-WebSocket-Extensions=permessage-deflate, Sec-WebSocket-Key=o0G7BWC88ffvK0MMUelYQw==, Connection=keep-alive, Upgrade, Pragma=no-cache, Cache-Control=no-cache, Upgrade=websocket, X-TESTID=org.deployd.test.FirstSeleniumTestbuildingTestMethod2]
 ###### DefaultHttpRequest(decodeResult: success, version: HTTP/1.1)
GET / HTTP/1.1
Host: push.services.mozilla.com
User-Agent: Mozilla/5.0 (Macintosh; Intel Mac OS X 10.14; rv:89.0) Gecko/20100101 Firefox/89.0
Accept: */*
Accept-Language: en-US,en;q=0.5
Accept-Encoding: gzip, deflate, br
Sec-WebSocket-Version: 13
Origin: wss://push.services.mozilla.com/
Sec-WebSocket-Protocol: push-notification
Sec-WebSocket-Extensions: permessage-deflate
Sec-WebSocket-Key: o0G7BWC88ffvK0MMUelYQw==
Connection: keep-alive, Upgrade
Pragma: no-cache
Cache-Control: no-cache
Upgrade: websocket : [Host=push.services.mozilla.com, User-Agent=Mozilla/5.0 (Macintosh; Intel Mac OS X 10.14; rv:89.0) Gecko/20100101 Firefox/89.0, Accept=*/*, Accept-Language=en-US,en;q=0.5, Accept-Encoding=gzip, deflate, br, Sec-WebSocket-Version=13, Origin=wss://push.services.mozilla.com/, Sec-WebSocket-Protocol=push-notification, Sec-WebSocket-Extensions=permessage-deflate, Sec-WebSocket-Key=o0G7BWC88ffvK0MMUelYQw==, Connection=keep-alive, Upgrade, Pragma=no-cache, Cache-Control=no-cache, Upgrade=websocket, X-TESTID=org.deployd.test.FirstSeleniumTestbuildingTestMethod2, X-TESTID=org.deployd.test.FirstSeleniumTestbuildingTestMethod3]
 ###### DefaultHttpRequest(decodeResult: success, version: HTTP/1.1)
GET / HTTP/1.1
Host: push.services.mozilla.com
User-Agent: Mozilla/5.0 (Macintosh; Intel Mac OS X 10.14; rv:89.0) Gecko/20100101 Firefox/89.0
Accept: */*
Accept-Language: en-US,en;q=0.5
Accept-Encoding: gzip, deflate, br
Sec-WebSocket-Version: 13
Origin: wss://push.services.mozilla.com/
Sec-WebSocket-Protocol: push-notification
Sec-WebSocket-Extensions: permessage-deflate
Sec-WebSocket-Key: o0G7BWC88ffvK0MMUelYQw==
Connection: keep-alive, Upgrade
Pragma: no-cache
Cache-Control: no-cache
Upgrade: websocket : [Host=push.services.mozilla.com, User-Agent=Mozilla/5.0 (Macintosh; Intel Mac OS X 10.14; rv:89.0) Gecko/20100101 Firefox/89.0, Accept=*/*, Accept-Language=en-US,en;q=0.5, Accept-Encoding=gzip, deflate, br, Sec-WebSocket-Version=13, Origin=wss://push.services.mozilla.com/, Sec-WebSocket-Protocol=push-notification, Sec-WebSocket-Extensions=permessage-deflate, Sec-WebSocket-Key=o0G7BWC88ffvK0MMUelYQw==, Connection=keep-alive, Upgrade, Pragma=no-cache, Cache-Control=no-cache, Upgrade=websocket, X-TESTID=org.deployd.test.FirstSeleniumTestbuildingTestMethod2, X-TESTID=org.deployd.test.FirstSeleniumTestbuildingTestMethod3, X-TESTID=org.deployd.test.FirstSeleniumTestbuildingTestMethod]
 ###### DefaultHttpRequest(decodeResult: success, version: HTTP/1.1)
GET /v1/buckets/monitor/collections/changes/changeset?collection=message-groups&bucket=main&_expected=0 HTTP/1.1
Host: firefox.settings.services.mozilla.com
User-Agent: Mozilla/5.0 (Macintosh; Intel Mac OS X 10.14; rv:89.0) Gecko/20100101 Firefox/89.0
Accept: */*
Accept-Language: en-US,en;q=0.5
Accept-Encoding: gzip, deflate, br
Connection: keep-alive : [Host=firefox.settings.services.mozilla.com, User-Agent=Mozilla/5.0 (Macintosh; Intel Mac OS X 10.14; rv:89.0) Gecko/20100101 Firefox/89.0, Accept=*/*, Accept-Language=en-US,en;q=0.5, Accept-Encoding=gzip, deflate, br, Connection=keep-alive, X-TESTID=org.deployd.test.FirstSeleniumTestbuildingTestMethod2]
 ###### DefaultHttpRequest(decodeResult: success, version: HTTP/1.1)
GET /v1/buckets/monitor/collections/changes/changeset?collection=message-groups&bucket=main&_expected=0 HTTP/1.1
Host: firefox.settings.services.mozilla.com
User-Agent: Mozilla/5.0 (Macintosh; Intel Mac OS X 10.14; rv:89.0) Gecko/20100101 Firefox/89.0
Accept: */*
Accept-Language: en-US,en;q=0.5
Accept-Encoding: gzip, deflate, br
Connection: keep-alive : [Host=firefox.settings.services.mozilla.com, User-Agent=Mozilla/5.0 (Macintosh; Intel Mac OS X 10.14; rv:89.0) Gecko/20100101 Firefox/89.0, Accept=*/*, Accept-Language=en-US,en;q=0.5, Accept-Encoding=gzip, deflate, br, Connection=keep-alive, X-TESTID=org.deployd.test.FirstSeleniumTestbuildingTestMethod2, X-TESTID=org.deployd.test.FirstSeleniumTestbuildingTestMethod3]
 ###### DefaultHttpRequest(decodeResult: success, version: HTTP/1.1)
GET /v1/buckets/monitor/collections/changes/changeset?collection=message-groups&bucket=main&_expected=0 HTTP/1.1
Host: firefox.settings.services.mozilla.com
User-Agent: Mozilla/5.0 (Macintosh; Intel Mac OS X 10.14; rv:89.0) Gecko/20100101 Firefox/89.0
Accept: */*
Accept-Language: en-US,en;q=0.5
Accept-Encoding: gzip, deflate, br
Connection: keep-alive : [Host=firefox.settings.services.mozilla.com, User-Agent=Mozilla/5.0 (Macintosh; Intel Mac OS X 10.14; rv:89.0) Gecko/20100101 Firefox/89.0, Accept=*/*, Accept-Language=en-US,en;q=0.5, Accept-Encoding=gzip, deflate, br, Connection=keep-alive, X-TESTID=org.deployd.test.FirstSeleniumTestbuildingTestMethod2, X-TESTID=org.deployd.test.FirstSeleniumTestbuildingTestMethod3, X-TESTID=org.deployd.test.FirstSeleniumTestbuildingTestMethod]
 ###### DefaultFullHttpRequest(decodeResult: success, version: HTTP/1.1, content: UnpooledByteBufAllocator$InstrumentedUnpooledUnsafeHeapByteBuf(ridx: 0, widx: 0, cap: 0))
CONNECT firefox.settings.services.mozilla.com:443 HTTP/1.1
User-Agent: Mozilla/5.0 (Macintosh; Intel Mac OS X 10.14; rv:89.0) Gecko/20100101 Firefox/89.0
Proxy-Connection: keep-alive
Connection: keep-alive
Host: firefox.settings.services.mozilla.com:443
Content-Length: 0 : [User-Agent=Mozilla/5.0 (Macintosh; Intel Mac OS X 10.14; rv:89.0) Gecko/20100101 Firefox/89.0, Proxy-Connection=keep-alive, Connection=keep-alive, Host=firefox.settings.services.mozilla.com:443, Content-Length=0, X-TESTID=org.deployd.test.FirstSeleniumTestbuildingTestMethod2]
 ###### DefaultFullHttpRequest(decodeResult: success, version: HTTP/1.1, content: UnpooledByteBufAllocator$InstrumentedUnpooledUnsafeHeapByteBuf(ridx: 0, widx: 0, cap: 0))
CONNECT firefox.settings.services.mozilla.com:443 HTTP/1.1
User-Agent: Mozilla/5.0 (Macintosh; Intel Mac OS X 10.14; rv:89.0) Gecko/20100101 Firefox/89.0
Proxy-Connection: keep-alive
Connection: keep-alive
Host: firefox.settings.services.mozilla.com:443
Content-Length: 0 : [User-Agent=Mozilla/5.0 (Macintosh; Intel Mac OS X 10.14; rv:89.0) Gecko/20100101 Firefox/89.0, Proxy-Connection=keep-alive, Connection=keep-alive, Host=firefox.settings.services.mozilla.com:443, Content-Length=0, X-TESTID=org.deployd.test.FirstSeleniumTestbuildingTestMethod2, X-TESTID=org.deployd.test.FirstSeleniumTestbuildingTestMethod3]
 ###### DefaultFullHttpRequest(decodeResult: success, version: HTTP/1.1, content: UnpooledByteBufAllocator$InstrumentedUnpooledUnsafeHeapByteBuf(ridx: 0, widx: 0, cap: 0))
CONNECT firefox.settings.services.mozilla.com:443 HTTP/1.1
User-Agent: Mozilla/5.0 (Macintosh; Intel Mac OS X 10.14; rv:89.0) Gecko/20100101 Firefox/89.0
Proxy-Connection: keep-alive
Connection: keep-alive
Host: firefox.settings.services.mozilla.com:443
Content-Length: 0 : [User-Agent=Mozilla/5.0 (Macintosh; Intel Mac OS X 10.14; rv:89.0) Gecko/20100101 Firefox/89.0, Proxy-Connection=keep-alive, Connection=keep-alive, Host=firefox.settings.services.mozilla.com:443, Content-Length=0, X-TESTID=org.deployd.test.FirstSeleniumTestbuildingTestMethod2, X-TESTID=org.deployd.test.FirstSeleniumTestbuildingTestMethod3, X-TESTID=org.deployd.test.FirstSeleniumTestbuildingTestMethod]
 ###### DefaultFullHttpRequest(decodeResult: success, version: HTTP/1.1, content: UnpooledByteBufAllocator$InstrumentedUnpooledUnsafeHeapByteBuf(ridx: 0, widx: 0, cap: 0))
GET /v1/buckets/main/collections/message-groups/changeset?_expected=1595616291726 HTTP/1.1
Host: firefox.settings.services.mozilla.com
User-Agent: Mozilla/5.0 (Macintosh; Intel Mac OS X 10.14; rv:89.0) Gecko/20100101 Firefox/89.0
Accept: application/json
Accept-Language: en-US,en;q=0.5
Accept-Encoding: gzip, deflate, br
Content-Type: application/json
Connection: keep-alive
Content-Length: 0 : [Host=firefox.settings.services.mozilla.com, User-Agent=Mozilla/5.0 (Macintosh; Intel Mac OS X 10.14; rv:89.0) Gecko/20100101 Firefox/89.0, Accept=application/json, Accept-Language=en-US,en;q=0.5, Accept-Encoding=gzip, deflate, br, Content-Type=application/json, Connection=keep-alive, Content-Length=0, X-TESTID=org.deployd.test.FirstSeleniumTestbuildingTestMethod2]
 ###### DefaultFullHttpRequest(decodeResult: success, version: HTTP/1.1, content: UnpooledByteBufAllocator$InstrumentedUnpooledUnsafeHeapByteBuf(ridx: 0, widx: 0, cap: 0))
GET /v1/buckets/main/collections/message-groups/changeset?_expected=1595616291726 HTTP/1.1
Host: firefox.settings.services.mozilla.com
User-Agent: Mozilla/5.0 (Macintosh; Intel Mac OS X 10.14; rv:89.0) Gecko/20100101 Firefox/89.0
Accept: application/json
Accept-Language: en-US,en;q=0.5
Accept-Encoding: gzip, deflate, br
Content-Type: application/json
Connection: keep-alive
Content-Length: 0 : [Host=firefox.settings.services.mozilla.com, User-Agent=Mozilla/5.0 (Macintosh; Intel Mac OS X 10.14; rv:89.0) Gecko/20100101 Firefox/89.0, Accept=application/json, Accept-Language=en-US,en;q=0.5, Accept-Encoding=gzip, deflate, br, Content-Type=application/json, Connection=keep-alive, Content-Length=0, X-TESTID=org.deployd.test.FirstSeleniumTestbuildingTestMethod2, X-TESTID=org.deployd.test.FirstSeleniumTestbuildingTestMethod3]
 ###### DefaultFullHttpRequest(decodeResult: success, version: HTTP/1.1, content: UnpooledByteBufAllocator$InstrumentedUnpooledUnsafeHeapByteBuf(ridx: 0, widx: 0, cap: 0))
GET /v1/buckets/main/collections/message-groups/changeset?_expected=1595616291726 HTTP/1.1
Host: firefox.settings.services.mozilla.com
User-Agent: Mozilla/5.0 (Macintosh; Intel Mac OS X 10.14; rv:89.0) Gecko/20100101 Firefox/89.0
Accept: application/json
Accept-Language: en-US,en;q=0.5
Accept-Encoding: gzip, deflate, br
Content-Type: application/json
Connection: keep-alive
Content-Length: 0 : [Host=firefox.settings.services.mozilla.com, User-Agent=Mozilla/5.0 (Macintosh; Intel Mac OS X 10.14; rv:89.0) Gecko/20100101 Firefox/89.0, Accept=application/json, Accept-Language=en-US,en;q=0.5, Accept-Encoding=gzip, deflate, br, Content-Type=application/json, Connection=keep-alive, Content-Length=0, X-TESTID=org.deployd.test.FirstSeleniumTestbuildingTestMethod2, X-TESTID=org.deployd.test.FirstSeleniumTestbuildingTestMethod3, X-TESTID=org.deployd.test.FirstSeleniumTestbuildingTestMethod]
 ###### DefaultFullHttpRequest(decodeResult: success, version: HTTP/1.1, content: UnpooledByteBufAllocator$InstrumentedUnpooledUnsafeHeapByteBuf(ridx: 0, widx: 0, cap: 0))
CONNECT content-signature-2.cdn.mozilla.net:443 HTTP/1.1
User-Agent: Mozilla/5.0 (Macintosh; Intel Mac OS X 10.14; rv:89.0) Gecko/20100101 Firefox/89.0
Proxy-Connection: keep-alive
Connection: keep-alive
Host: content-signature-2.cdn.mozilla.net:443
Content-Length: 0 : [User-Agent=Mozilla/5.0 (Macintosh; Intel Mac OS X 10.14; rv:89.0) Gecko/20100101 Firefox/89.0, Proxy-Connection=keep-alive, Connection=keep-alive, Host=content-signature-2.cdn.mozilla.net:443, Content-Length=0, X-TESTID=org.deployd.test.FirstSeleniumTestbuildingTestMethod2]
 ###### DefaultFullHttpRequest(decodeResult: success, version: HTTP/1.1, content: UnpooledByteBufAllocator$InstrumentedUnpooledUnsafeHeapByteBuf(ridx: 0, widx: 0, cap: 0))
CONNECT content-signature-2.cdn.mozilla.net:443 HTTP/1.1
User-Agent: Mozilla/5.0 (Macintosh; Intel Mac OS X 10.14; rv:89.0) Gecko/20100101 Firefox/89.0
Proxy-Connection: keep-alive
Connection: keep-alive
Host: content-signature-2.cdn.mozilla.net:443
Content-Length: 0 : [User-Agent=Mozilla/5.0 (Macintosh; Intel Mac OS X 10.14; rv:89.0) Gecko/20100101 Firefox/89.0, Proxy-Connection=keep-alive, Connection=keep-alive, Host=content-signature-2.cdn.mozilla.net:443, Content-Length=0, X-TESTID=org.deployd.test.FirstSeleniumTestbuildingTestMethod2, X-TESTID=org.deployd.test.FirstSeleniumTestbuildingTestMethod3]
 ###### DefaultFullHttpRequest(decodeResult: success, version: HTTP/1.1, content: UnpooledByteBufAllocator$InstrumentedUnpooledUnsafeHeapByteBuf(ridx: 0, widx: 0, cap: 0))
CONNECT content-signature-2.cdn.mozilla.net:443 HTTP/1.1
User-Agent: Mozilla/5.0 (Macintosh; Intel Mac OS X 10.14; rv:89.0) Gecko/20100101 Firefox/89.0
Proxy-Connection: keep-alive
Connection: keep-alive
Host: content-signature-2.cdn.mozilla.net:443
Content-Length: 0 : [User-Agent=Mozilla/5.0 (Macintosh; Intel Mac OS X 10.14; rv:89.0) Gecko/20100101 Firefox/89.0, Proxy-Connection=keep-alive, Connection=keep-alive, Host=content-signature-2.cdn.mozilla.net:443, Content-Length=0, X-TESTID=org.deployd.test.FirstSeleniumTestbuildingTestMethod2, X-TESTID=org.deployd.test.FirstSeleniumTestbuildingTestMethod3, X-TESTID=org.deployd.test.FirstSeleniumTestbuildingTestMethod]
 ###### DefaultFullHttpRequest(decodeResult: success, version: HTTP/1.1, content: UnpooledByteBufAllocator$InstrumentedUnpooledUnsafeHeapByteBuf(ridx: 0, widx: 0, cap: 0))
GET /admin/v2/dashboard HTTP/1.1
Host: ai.lurn.tools
User-Agent: Mozilla/5.0 (Macintosh; Intel Mac OS X 10.14; rv:89.0) Gecko/20100101 Firefox/89.0
Accept: text/html,application/xhtml+xml,application/xml;q=0.9,image/webp,*/*;q=0.8
Accept-Language: en-US,en;q=0.5
Accept-Encoding: gzip, deflate, br
Connection: keep-alive
Upgrade-Insecure-Requests: 1
Content-Length: 0 : [Host=ai.lurn.tools, User-Agent=Mozilla/5.0 (Macintosh; Intel Mac OS X 10.14; rv:89.0) Gecko/20100101 Firefox/89.0, Accept=text/html,application/xhtml+xml,application/xml;q=0.9,image/webp,*/*;q=0.8, Accept-Language=en-US,en;q=0.5, Accept-Encoding=gzip, deflate, br, Connection=keep-alive, Upgrade-Insecure-Requests=1, Content-Length=0, X-TESTID=org.deployd.test.FirstSeleniumTestbuildingTestMethod2]
 ###### DefaultFullHttpRequest(decodeResult: success, version: HTTP/1.1, content: UnpooledByteBufAllocator$InstrumentedUnpooledUnsafeHeapByteBuf(ridx: 0, widx: 0, cap: 0))
GET /admin/v2/dashboard HTTP/1.1
Host: ai.lurn.tools
User-Agent: Mozilla/5.0 (Macintosh; Intel Mac OS X 10.14; rv:89.0) Gecko/20100101 Firefox/89.0
Accept: text/html,application/xhtml+xml,application/xml;q=0.9,image/webp,*/*;q=0.8
Accept-Language: en-US,en;q=0.5
Accept-Encoding: gzip, deflate, br
Connection: keep-alive
Upgrade-Insecure-Requests: 1
Content-Length: 0 : [Host=ai.lurn.tools, User-Agent=Mozilla/5.0 (Macintosh; Intel Mac OS X 10.14; rv:89.0) Gecko/20100101 Firefox/89.0, Accept=text/html,application/xhtml+xml,application/xml;q=0.9,image/webp,*/*;q=0.8, Accept-Language=en-US,en;q=0.5, Accept-Encoding=gzip, deflate, br, Connection=keep-alive, Upgrade-Insecure-Requests=1, Content-Length=0, X-TESTID=org.deployd.test.FirstSeleniumTestbuildingTestMethod2, X-TESTID=org.deployd.test.FirstSeleniumTestbuildingTestMethod3]
 ###### DefaultFullHttpRequest(decodeResult: success, version: HTTP/1.1, content: UnpooledByteBufAllocator$InstrumentedUnpooledUnsafeHeapByteBuf(ridx: 0, widx: 0, cap: 0))
GET /admin/v2/dashboard HTTP/1.1
Host: ai.lurn.tools
User-Agent: Mozilla/5.0 (Macintosh; Intel Mac OS X 10.14; rv:89.0) Gecko/20100101 Firefox/89.0
Accept: text/html,application/xhtml+xml,application/xml;q=0.9,image/webp,*/*;q=0.8
Accept-Language: en-US,en;q=0.5
Accept-Encoding: gzip, deflate, br
Connection: keep-alive
Upgrade-Insecure-Requests: 1
Content-Length: 0 : [Host=ai.lurn.tools, User-Agent=Mozilla/5.0 (Macintosh; Intel Mac OS X 10.14; rv:89.0) Gecko/20100101 Firefox/89.0, Accept=text/html,application/xhtml+xml,application/xml;q=0.9,image/webp,*/*;q=0.8, Accept-Language=en-US,en;q=0.5, Accept-Encoding=gzip, deflate, br, Connection=keep-alive, Upgrade-Insecure-Requests=1, Content-Length=0, X-TESTID=org.deployd.test.FirstSeleniumTestbuildingTestMethod2, X-TESTID=org.deployd.test.FirstSeleniumTestbuildingTestMethod3, X-TESTID=org.deployd.test.FirstSeleniumTestbuildingTestMethod]
 ###### DefaultFullHttpRequest(decodeResult: success, version: HTTP/1.1, content: UnpooledByteBufAllocator$InstrumentedUnpooledUnsafeHeapByteBuf(ridx: 0, widx: 0, cap: 0))
GET /chains/remote-settings.content-signature.mozilla.org-2021-08-10-15-12-56.chain HTTP/1.1
Host: content-signature-2.cdn.mozilla.net
User-Agent: Mozilla/5.0 (Macintosh; Intel Mac OS X 10.14; rv:89.0) Gecko/20100101 Firefox/89.0
Accept: */*
Accept-Language: en-US,en;q=0.5
Accept-Encoding: gzip, deflate, br
Connection: keep-alive
Content-Length: 0 : [Host=content-signature-2.cdn.mozilla.net, User-Agent=Mozilla/5.0 (Macintosh; Intel Mac OS X 10.14; rv:89.0) Gecko/20100101 Firefox/89.0, Accept=*/*, Accept-Language=en-US,en;q=0.5, Accept-Encoding=gzip, deflate, br, Connection=keep-alive, Content-Length=0, X-TESTID=org.deployd.test.FirstSeleniumTestbuildingTestMethod2]
 ###### DefaultFullHttpRequest(decodeResult: success, version: HTTP/1.1, content: UnpooledByteBufAllocator$InstrumentedUnpooledUnsafeHeapByteBuf(ridx: 0, widx: 0, cap: 0))
GET /chains/remote-settings.content-signature.mozilla.org-2021-08-10-15-12-56.chain HTTP/1.1
Host: content-signature-2.cdn.mozilla.net
User-Agent: Mozilla/5.0 (Macintosh; Intel Mac OS X 10.14; rv:89.0) Gecko/20100101 Firefox/89.0
Accept: */*
Accept-Language: en-US,en;q=0.5
Accept-Encoding: gzip, deflate, br
Connection: keep-alive
Content-Length: 0 : [Host=content-signature-2.cdn.mozilla.net, User-Agent=Mozilla/5.0 (Macintosh; Intel Mac OS X 10.14; rv:89.0) Gecko/20100101 Firefox/89.0, Accept=*/*, Accept-Language=en-US,en;q=0.5, Accept-Encoding=gzip, deflate, br, Connection=keep-alive, Content-Length=0, X-TESTID=org.deployd.test.FirstSeleniumTestbuildingTestMethod2, X-TESTID=org.deployd.test.FirstSeleniumTestbuildingTestMethod3]
 ###### DefaultFullHttpRequest(decodeResult: success, version: HTTP/1.1, content: UnpooledByteBufAllocator$InstrumentedUnpooledUnsafeHeapByteBuf(ridx: 0, widx: 0, cap: 0))
GET /chains/remote-settings.content-signature.mozilla.org-2021-08-10-15-12-56.chain HTTP/1.1
Host: content-signature-2.cdn.mozilla.net
User-Agent: Mozilla/5.0 (Macintosh; Intel Mac OS X 10.14; rv:89.0) Gecko/20100101 Firefox/89.0
Accept: */*
Accept-Language: en-US,en;q=0.5
Accept-Encoding: gzip, deflate, br
Connection: keep-alive
Content-Length: 0 : [Host=content-signature-2.cdn.mozilla.net, User-Agent=Mozilla/5.0 (Macintosh; Intel Mac OS X 10.14; rv:89.0) Gecko/20100101 Firefox/89.0, Accept=*/*, Accept-Language=en-US,en;q=0.5, Accept-Encoding=gzip, deflate, br, Connection=keep-alive, Content-Length=0, X-TESTID=org.deployd.test.FirstSeleniumTestbuildingTestMethod2, X-TESTID=org.deployd.test.FirstSeleniumTestbuildingTestMethod3, X-TESTID=org.deployd.test.FirstSeleniumTestbuildingTestMethod]
 ###### DefaultFullHttpRequest(decodeResult: success, version: HTTP/1.1, content: UnpooledByteBufAllocator$InstrumentedUnpooledUnsafeHeapByteBuf(ridx: 0, widx: 0, cap: 0))
GET /favicon.ico HTTP/1.1
Host: ai.lurn.tools
User-Agent: Mozilla/5.0 (Macintosh; Intel Mac OS X 10.14; rv:89.0) Gecko/20100101 Firefox/89.0
Accept: image/webp,*/*
Accept-Language: en-US,en;q=0.5
Accept-Encoding: gzip, deflate, br
Connection: keep-alive
Referer: https://ai.lurn.tools/admin/v2/dashboard
Content-Length: 0 : [Host=ai.lurn.tools, User-Agent=Mozilla/5.0 (Macintosh; Intel Mac OS X 10.14; rv:89.0) Gecko/20100101 Firefox/89.0, Accept=image/webp,*/*, Accept-Language=en-US,en;q=0.5, Accept-Encoding=gzip, deflate, br, Connection=keep-alive, Referer=https://ai.lurn.tools/admin/v2/dashboard, Content-Length=0, X-TESTID=org.deployd.test.FirstSeleniumTestbuildingTestMethod2]
 ###### DefaultFullHttpRequest(decodeResult: success, version: HTTP/1.1, content: UnpooledByteBufAllocator$InstrumentedUnpooledUnsafeHeapByteBuf(ridx: 0, widx: 0, cap: 0))
GET /favicon.ico HTTP/1.1
Host: ai.lurn.tools
User-Agent: Mozilla/5.0 (Macintosh; Intel Mac OS X 10.14; rv:89.0) Gecko/20100101 Firefox/89.0
Accept: image/webp,*/*
Accept-Language: en-US,en;q=0.5
Accept-Encoding: gzip, deflate, br
Connection: keep-alive
Referer: https://ai.lurn.tools/admin/v2/dashboard
Content-Length: 0 : [Host=ai.lurn.tools, User-Agent=Mozilla/5.0 (Macintosh; Intel Mac OS X 10.14; rv:89.0) Gecko/20100101 Firefox/89.0, Accept=image/webp,*/*, Accept-Language=en-US,en;q=0.5, Accept-Encoding=gzip, deflate, br, Connection=keep-alive, Referer=https://ai.lurn.tools/admin/v2/dashboard, Content-Length=0, X-TESTID=org.deployd.test.FirstSeleniumTestbuildingTestMethod2, X-TESTID=org.deployd.test.FirstSeleniumTestbuildingTestMethod3]
 ###### DefaultFullHttpRequest(decodeResult: success, version: HTTP/1.1, content: UnpooledByteBufAllocator$InstrumentedUnpooledUnsafeHeapByteBuf(ridx: 0, widx: 0, cap: 0))
GET /favicon.ico HTTP/1.1
Host: ai.lurn.tools
User-Agent: Mozilla/5.0 (Macintosh; Intel Mac OS X 10.14; rv:89.0) Gecko/20100101 Firefox/89.0
Accept: image/webp,*/*
Accept-Language: en-US,en;q=0.5
Accept-Encoding: gzip, deflate, br
Connection: keep-alive
Referer: https://ai.lurn.tools/admin/v2/dashboard
Content-Length: 0 : [Host=ai.lurn.tools, User-Agent=Mozilla/5.0 (Macintosh; Intel Mac OS X 10.14; rv:89.0) Gecko/20100101 Firefox/89.0, Accept=image/webp,*/*, Accept-Language=en-US,en;q=0.5, Accept-Encoding=gzip, deflate, br, Connection=keep-alive, Referer=https://ai.lurn.tools/admin/v2/dashboard, Content-Length=0, X-TESTID=org.deployd.test.FirstSeleniumTestbuildingTestMethod2, X-TESTID=org.deployd.test.FirstSeleniumTestbuildingTestMethod3, X-TESTID=org.deployd.test.FirstSeleniumTestbuildingTestMethod]
 ###### DefaultFullHttpRequest(decodeResult: success, version: HTTP/1.1, content: UnpooledByteBufAllocator$InstrumentedUnpooledUnsafeHeapByteBuf(ridx: 0, widx: 0, cap: 0))
CONNECT ai.lurn.tools:443 HTTP/1.1
User-Agent: Mozilla/5.0 (Macintosh; Intel Mac OS X 10.14; rv:89.0) Gecko/20100101 Firefox/89.0
Proxy-Connection: keep-alive
Connection: keep-alive
Host: ai.lurn.tools:443
Content-Length: 0 : [User-Agent=Mozilla/5.0 (Macintosh; Intel Mac OS X 10.14; rv:89.0) Gecko/20100101 Firefox/89.0, Proxy-Connection=keep-alive, Connection=keep-alive, Host=ai.lurn.tools:443, Content-Length=0, X-TESTID=org.deployd.test.FirstSeleniumTestbuildingTestMethod2]
 ###### DefaultFullHttpRequest(decodeResult: success, version: HTTP/1.1, content: UnpooledByteBufAllocator$InstrumentedUnpooledUnsafeHeapByteBuf(ridx: 0, widx: 0, cap: 0))
CONNECT ai.lurn.tools:443 HTTP/1.1
User-Agent: Mozilla/5.0 (Macintosh; Intel Mac OS X 10.14; rv:89.0) Gecko/20100101 Firefox/89.0
Proxy-Connection: keep-alive
Connection: keep-alive
Host: ai.lurn.tools:443
Content-Length: 0 : [User-Agent=Mozilla/5.0 (Macintosh; Intel Mac OS X 10.14; rv:89.0) Gecko/20100101 Firefox/89.0, Proxy-Connection=keep-alive, Connection=keep-alive, Host=ai.lurn.tools:443, Content-Length=0, X-TESTID=org.deployd.test.FirstSeleniumTestbuildingTestMethod2, X-TESTID=org.deployd.test.FirstSeleniumTestbuildingTestMethod3]
 ###### DefaultFullHttpRequest(decodeResult: success, version: HTTP/1.1, content: UnpooledByteBufAllocator$InstrumentedUnpooledUnsafeHeapByteBuf(ridx: 0, widx: 0, cap: 0))
CONNECT ai.lurn.tools:443 HTTP/1.1
User-Agent: Mozilla/5.0 (Macintosh; Intel Mac OS X 10.14; rv:89.0) Gecko/20100101 Firefox/89.0
Proxy-Connection: keep-alive
Connection: keep-alive
Host: ai.lurn.tools:443
Content-Length: 0 : [User-Agent=Mozilla/5.0 (Macintosh; Intel Mac OS X 10.14; rv:89.0) Gecko/20100101 Firefox/89.0, Proxy-Connection=keep-alive, Connection=keep-alive, Host=ai.lurn.tools:443, Content-Length=0, X-TESTID=org.deployd.test.FirstSeleniumTestbuildingTestMethod2, X-TESTID=org.deployd.test.FirstSeleniumTestbuildingTestMethod3, X-TESTID=org.deployd.test.FirstSeleniumTestbuildingTestMethod]
 ###### DefaultFullHttpRequest(decodeResult: success, version: HTTP/1.1, content: UnpooledByteBufAllocator$InstrumentedUnpooledUnsafeHeapByteBuf(ridx: 0, widx: 0, cap: 0))
GET /v1/buckets/monitor/collections/changes/changeset?collection=partitioning-exempt-urls&bucket=main&_expected=0 HTTP/1.1
Host: firefox.settings.services.mozilla.com
User-Agent: Mozilla/5.0 (Macintosh; Intel Mac OS X 10.14; rv:89.0) Gecko/20100101 Firefox/89.0
Accept: */*
Accept-Language: en-US,en;q=0.5
Accept-Encoding: gzip, deflate, br
Connection: keep-alive
Content-Length: 0 : [Host=firefox.settings.services.mozilla.com, User-Agent=Mozilla/5.0 (Macintosh; Intel Mac OS X 10.14; rv:89.0) Gecko/20100101 Firefox/89.0, Accept=*/*, Accept-Language=en-US,en;q=0.5, Accept-Encoding=gzip, deflate, br, Connection=keep-alive, Content-Length=0, X-TESTID=org.deployd.test.FirstSeleniumTestbuildingTestMethod2]
 ###### DefaultFullHttpRequest(decodeResult: success, version: HTTP/1.1, content: UnpooledByteBufAllocator$InstrumentedUnpooledUnsafeHeapByteBuf(ridx: 0, widx: 0, cap: 0))
GET /v1/buckets/monitor/collections/changes/changeset?collection=partitioning-exempt-urls&bucket=main&_expected=0 HTTP/1.1
Host: firefox.settings.services.mozilla.com
User-Agent: Mozilla/5.0 (Macintosh; Intel Mac OS X 10.14; rv:89.0) Gecko/20100101 Firefox/89.0
Accept: */*
Accept-Language: en-US,en;q=0.5
Accept-Encoding: gzip, deflate, br
Connection: keep-alive
Content-Length: 0 : [Host=firefox.settings.services.mozilla.com, User-Agent=Mozilla/5.0 (Macintosh; Intel Mac OS X 10.14; rv:89.0) Gecko/20100101 Firefox/89.0, Accept=*/*, Accept-Language=en-US,en;q=0.5, Accept-Encoding=gzip, deflate, br, Connection=keep-alive, Content-Length=0, X-TESTID=org.deployd.test.FirstSeleniumTestbuildingTestMethod2, X-TESTID=org.deployd.test.FirstSeleniumTestbuildingTestMethod3]
 ###### DefaultFullHttpRequest(decodeResult: success, version: HTTP/1.1, content: UnpooledByteBufAllocator$InstrumentedUnpooledUnsafeHeapByteBuf(ridx: 0, widx: 0, cap: 0))
GET /v1/buckets/monitor/collections/changes/changeset?collection=partitioning-exempt-urls&bucket=main&_expected=0 HTTP/1.1
Host: firefox.settings.services.mozilla.com
User-Agent: Mozilla/5.0 (Macintosh; Intel Mac OS X 10.14; rv:89.0) Gecko/20100101 Firefox/89.0
Accept: */*
Accept-Language: en-US,en;q=0.5
Accept-Encoding: gzip, deflate, br
Connection: keep-alive
Content-Length: 0 : [Host=firefox.settings.services.mozilla.com, User-Agent=Mozilla/5.0 (Macintosh; Intel Mac OS X 10.14; rv:89.0) Gecko/20100101 Firefox/89.0, Accept=*/*, Accept-Language=en-US,en;q=0.5, Accept-Encoding=gzip, deflate, br, Connection=keep-alive, Content-Length=0, X-TESTID=org.deployd.test.FirstSeleniumTestbuildingTestMethod2, X-TESTID=org.deployd.test.FirstSeleniumTestbuildingTestMethod3, X-TESTID=org.deployd.test.FirstSeleniumTestbuildingTestMethod]
 ###### DefaultFullHttpRequest(decodeResult: success, version: HTTP/1.1, content: UnpooledByteBufAllocator$InstrumentedUnpooledUnsafeHeapByteBuf(ridx: 0, widx: 0, cap: 0))
CONNECT firefox.settings.services.mozilla.com:443 HTTP/1.1
User-Agent: Mozilla/5.0 (Macintosh; Intel Mac OS X 10.14; rv:89.0) Gecko/20100101 Firefox/89.0
Proxy-Connection: keep-alive
Connection: keep-alive
Host: firefox.settings.services.mozilla.com:443
Content-Length: 0 : [User-Agent=Mozilla/5.0 (Macintosh; Intel Mac OS X 10.14; rv:89.0) Gecko/20100101 Firefox/89.0, Proxy-Connection=keep-alive, Connection=keep-alive, Host=firefox.settings.services.mozilla.com:443, Content-Length=0, X-TESTID=org.deployd.test.FirstSeleniumTestbuildingTestMethod2]
 ###### DefaultFullHttpRequest(decodeResult: success, version: HTTP/1.1, content: UnpooledByteBufAllocator$InstrumentedUnpooledUnsafeHeapByteBuf(ridx: 0, widx: 0, cap: 0))
CONNECT firefox.settings.services.mozilla.com:443 HTTP/1.1
User-Agent: Mozilla/5.0 (Macintosh; Intel Mac OS X 10.14; rv:89.0) Gecko/20100101 Firefox/89.0
Proxy-Connection: keep-alive
Connection: keep-alive
Host: firefox.settings.services.mozilla.com:443
Content-Length: 0 : [User-Agent=Mozilla/5.0 (Macintosh; Intel Mac OS X 10.14; rv:89.0) Gecko/20100101 Firefox/89.0, Proxy-Connection=keep-alive, Connection=keep-alive, Host=firefox.settings.services.mozilla.com:443, Content-Length=0, X-TESTID=org.deployd.test.FirstSeleniumTestbuildingTestMethod2, X-TESTID=org.deployd.test.FirstSeleniumTestbuildingTestMethod3]
 ###### DefaultFullHttpRequest(decodeResult: success, version: HTTP/1.1, content: UnpooledByteBufAllocator$InstrumentedUnpooledUnsafeHeapByteBuf(ridx: 0, widx: 0, cap: 0))
CONNECT firefox.settings.services.mozilla.com:443 HTTP/1.1
User-Agent: Mozilla/5.0 (Macintosh; Intel Mac OS X 10.14; rv:89.0) Gecko/20100101 Firefox/89.0
Proxy-Connection: keep-alive
Connection: keep-alive
Host: firefox.settings.services.mozilla.com:443
Content-Length: 0 : [User-Agent=Mozilla/5.0 (Macintosh; Intel Mac OS X 10.14; rv:89.0) Gecko/20100101 Firefox/89.0, Proxy-Connection=keep-alive, Connection=keep-alive, Host=firefox.settings.services.mozilla.com:443, Content-Length=0, X-TESTID=org.deployd.test.FirstSeleniumTestbuildingTestMethod2, X-TESTID=org.deployd.test.FirstSeleniumTestbuildingTestMethod3, X-TESTID=org.deployd.test.FirstSeleniumTestbuildingTestMethod]
 ###### DefaultFullHttpRequest(decodeResult: success, version: HTTP/1.1, content: UnpooledByteBufAllocator$InstrumentedUnpooledUnsafeHeapByteBuf(ridx: 0, widx: 0, cap: 0))
GET /v1/buckets/main/collections/partitioning-exempt-urls/changeset?_expected=1592906663254 HTTP/1.1
Host: firefox.settings.services.mozilla.com
User-Agent: Mozilla/5.0 (Macintosh; Intel Mac OS X 10.14; rv:89.0) Gecko/20100101 Firefox/89.0
Accept: application/json
Accept-Language: en-US,en;q=0.5
Accept-Encoding: gzip, deflate, br
Content-Type: application/json
Connection: keep-alive
Content-Length: 0 : [Host=firefox.settings.services.mozilla.com, User-Agent=Mozilla/5.0 (Macintosh; Intel Mac OS X 10.14; rv:89.0) Gecko/20100101 Firefox/89.0, Accept=application/json, Accept-Language=en-US,en;q=0.5, Accept-Encoding=gzip, deflate, br, Content-Type=application/json, Connection=keep-alive, Content-Length=0, X-TESTID=org.deployd.test.FirstSeleniumTestbuildingTestMethod2]
 ###### DefaultFullHttpRequest(decodeResult: success, version: HTTP/1.1, content: UnpooledByteBufAllocator$InstrumentedUnpooledUnsafeHeapByteBuf(ridx: 0, widx: 0, cap: 0))
GET /v1/buckets/main/collections/partitioning-exempt-urls/changeset?_expected=1592906663254 HTTP/1.1
Host: firefox.settings.services.mozilla.com
User-Agent: Mozilla/5.0 (Macintosh; Intel Mac OS X 10.14; rv:89.0) Gecko/20100101 Firefox/89.0
Accept: application/json
Accept-Language: en-US,en;q=0.5
Accept-Encoding: gzip, deflate, br
Content-Type: application/json
Connection: keep-alive
Content-Length: 0 : [Host=firefox.settings.services.mozilla.com, User-Agent=Mozilla/5.0 (Macintosh; Intel Mac OS X 10.14; rv:89.0) Gecko/20100101 Firefox/89.0, Accept=application/json, Accept-Language=en-US,en;q=0.5, Accept-Encoding=gzip, deflate, br, Content-Type=application/json, Connection=keep-alive, Content-Length=0, X-TESTID=org.deployd.test.FirstSeleniumTestbuildingTestMethod2, X-TESTID=org.deployd.test.FirstSeleniumTestbuildingTestMethod3]
 ###### DefaultFullHttpRequest(decodeResult: success, version: HTTP/1.1, content: UnpooledByteBufAllocator$InstrumentedUnpooledUnsafeHeapByteBuf(ridx: 0, widx: 0, cap: 0))
GET /v1/buckets/main/collections/partitioning-exempt-urls/changeset?_expected=1592906663254 HTTP/1.1
Host: firefox.settings.services.mozilla.com
User-Agent: Mozilla/5.0 (Macintosh; Intel Mac OS X 10.14; rv:89.0) Gecko/20100101 Firefox/89.0
Accept: application/json
Accept-Language: en-US,en;q=0.5
Accept-Encoding: gzip, deflate, br
Content-Type: application/json
Connection: keep-alive
Content-Length: 0 : [Host=firefox.settings.services.mozilla.com, User-Agent=Mozilla/5.0 (Macintosh; Intel Mac OS X 10.14; rv:89.0) Gecko/20100101 Firefox/89.0, Accept=application/json, Accept-Language=en-US,en;q=0.5, Accept-Encoding=gzip, deflate, br, Content-Type=application/json, Connection=keep-alive, Content-Length=0, X-TESTID=org.deployd.test.FirstSeleniumTestbuildingTestMethod2, X-TESTID=org.deployd.test.FirstSeleniumTestbuildingTestMethod3, X-TESTID=org.deployd.test.FirstSeleniumTestbuildingTestMethod]
 ###### DefaultFullHttpRequest(decodeResult: success, version: HTTP/1.1, content: UnpooledByteBufAllocator$InstrumentedUnpooledUnsafeHeapByteBuf(ridx: 0, widx: 0, cap: 0))
GET / HTTP/1.1
Host: ai.lurn.tools
User-Agent: Mozilla/5.0 (Macintosh; Intel Mac OS X 10.14; rv:89.0) Gecko/20100101 Firefox/89.0
Accept: text/html,application/xhtml+xml,application/xml;q=0.9,image/webp,*/*;q=0.8
Accept-Language: en-US,en;q=0.5
Accept-Encoding: gzip, deflate, br
Connection: keep-alive
Upgrade-Insecure-Requests: 1
Content-Length: 0 : [Host=ai.lurn.tools, User-Agent=Mozilla/5.0 (Macintosh; Intel Mac OS X 10.14; rv:89.0) Gecko/20100101 Firefox/89.0, Accept=text/html,application/xhtml+xml,application/xml;q=0.9,image/webp,*/*;q=0.8, Accept-Language=en-US,en;q=0.5, Accept-Encoding=gzip, deflate, br, Connection=keep-alive, Upgrade-Insecure-Requests=1, Content-Length=0, X-TESTID=org.deployd.test.FirstSeleniumTestbuildingTestMethod2]
 ###### DefaultFullHttpRequest(decodeResult: success, version: HTTP/1.1, content: UnpooledByteBufAllocator$InstrumentedUnpooledUnsafeHeapByteBuf(ridx: 0, widx: 0, cap: 0))
GET / HTTP/1.1
Host: ai.lurn.tools
User-Agent: Mozilla/5.0 (Macintosh; Intel Mac OS X 10.14; rv:89.0) Gecko/20100101 Firefox/89.0
Accept: text/html,application/xhtml+xml,application/xml;q=0.9,image/webp,*/*;q=0.8
Accept-Language: en-US,en;q=0.5
Accept-Encoding: gzip, deflate, br
Connection: keep-alive
Upgrade-Insecure-Requests: 1
Content-Length: 0 : [Host=ai.lurn.tools, User-Agent=Mozilla/5.0 (Macintosh; Intel Mac OS X 10.14; rv:89.0) Gecko/20100101 Firefox/89.0, Accept=text/html,application/xhtml+xml,application/xml;q=0.9,image/webp,*/*;q=0.8, Accept-Language=en-US,en;q=0.5, Accept-Encoding=gzip, deflate, br, Connection=keep-alive, Upgrade-Insecure-Requests=1, Content-Length=0, X-TESTID=org.deployd.test.FirstSeleniumTestbuildingTestMethod2, X-TESTID=org.deployd.test.FirstSeleniumTestbuildingTestMethod3]
 ###### DefaultFullHttpRequest(decodeResult: success, version: HTTP/1.1, content: UnpooledByteBufAllocator$InstrumentedUnpooledUnsafeHeapByteBuf(ridx: 0, widx: 0, cap: 0))
GET / HTTP/1.1
Host: ai.lurn.tools
User-Agent: Mozilla/5.0 (Macintosh; Intel Mac OS X 10.14; rv:89.0) Gecko/20100101 Firefox/89.0
Accept: text/html,application/xhtml+xml,application/xml;q=0.9,image/webp,*/*;q=0.8
Accept-Language: en-US,en;q=0.5
Accept-Encoding: gzip, deflate, br
Connection: keep-alive
Upgrade-Insecure-Requests: 1
Content-Length: 0 : [Host=ai.lurn.tools, User-Agent=Mozilla/5.0 (Macintosh; Intel Mac OS X 10.14; rv:89.0) Gecko/20100101 Firefox/89.0, Accept=text/html,application/xhtml+xml,application/xml;q=0.9,image/webp,*/*;q=0.8, Accept-Language=en-US,en;q=0.5, Accept-Encoding=gzip, deflate, br, Connection=keep-alive, Upgrade-Insecure-Requests=1, Content-Length=0, X-TESTID=org.deployd.test.FirstSeleniumTestbuildingTestMethod2, X-TESTID=org.deployd.test.FirstSeleniumTestbuildingTestMethod3, X-TESTID=org.deployd.test.FirstSeleniumTestbuildingTestMethod]
 ###### DefaultFullHttpRequest(decodeResult: success, version: HTTP/1.1, content: UnpooledByteBufAllocator$InstrumentedUnpooledUnsafeHeapByteBuf(ridx: 0, widx: 0, cap: 0))
GET /v1/buckets/monitor/collections/changes/changeset?collection=cfr-fxa&bucket=main&_expected=0 HTTP/1.1
Host: firefox.settings.services.mozilla.com
User-Agent: Mozilla/5.0 (Macintosh; Intel Mac OS X 10.14; rv:89.0) Gecko/20100101 Firefox/89.0
Accept: */*
Accept-Language: en-US,en;q=0.5
Accept-Encoding: gzip, deflate, br
Connection: keep-alive
Content-Length: 0 : [Host=firefox.settings.services.mozilla.com, User-Agent=Mozilla/5.0 (Macintosh; Intel Mac OS X 10.14; rv:89.0) Gecko/20100101 Firefox/89.0, Accept=*/*, Accept-Language=en-US,en;q=0.5, Accept-Encoding=gzip, deflate, br, Connection=keep-alive, Content-Length=0, X-TESTID=org.deployd.test.FirstSeleniumTestbuildingTestMethod2]
 ###### DefaultFullHttpRequest(decodeResult: success, version: HTTP/1.1, content: UnpooledByteBufAllocator$InstrumentedUnpooledUnsafeHeapByteBuf(ridx: 0, widx: 0, cap: 0))
GET /v1/buckets/monitor/collections/changes/changeset?collection=cfr-fxa&bucket=main&_expected=0 HTTP/1.1
Host: firefox.settings.services.mozilla.com
User-Agent: Mozilla/5.0 (Macintosh; Intel Mac OS X 10.14; rv:89.0) Gecko/20100101 Firefox/89.0
Accept: */*
Accept-Language: en-US,en;q=0.5
Accept-Encoding: gzip, deflate, br
Connection: keep-alive
Content-Length: 0 : [Host=firefox.settings.services.mozilla.com, User-Agent=Mozilla/5.0 (Macintosh; Intel Mac OS X 10.14; rv:89.0) Gecko/20100101 Firefox/89.0, Accept=*/*, Accept-Language=en-US,en;q=0.5, Accept-Encoding=gzip, deflate, br, Connection=keep-alive, Content-Length=0, X-TESTID=org.deployd.test.FirstSeleniumTestbuildingTestMethod2, X-TESTID=org.deployd.test.FirstSeleniumTestbuildingTestMethod3]
 ###### DefaultFullHttpRequest(decodeResult: success, version: HTTP/1.1, content: UnpooledByteBufAllocator$InstrumentedUnpooledUnsafeHeapByteBuf(ridx: 0, widx: 0, cap: 0))
GET /v1/buckets/monitor/collections/changes/changeset?collection=cfr-fxa&bucket=main&_expected=0 HTTP/1.1
Host: firefox.settings.services.mozilla.com
User-Agent: Mozilla/5.0 (Macintosh; Intel Mac OS X 10.14; rv:89.0) Gecko/20100101 Firefox/89.0
Accept: */*
Accept-Language: en-US,en;q=0.5
Accept-Encoding: gzip, deflate, br
Connection: keep-alive
Content-Length: 0 : [Host=firefox.settings.services.mozilla.com, User-Agent=Mozilla/5.0 (Macintosh; Intel Mac OS X 10.14; rv:89.0) Gecko/20100101 Firefox/89.0, Accept=*/*, Accept-Language=en-US,en;q=0.5, Accept-Encoding=gzip, deflate, br, Connection=keep-alive, Content-Length=0, X-TESTID=org.deployd.test.FirstSeleniumTestbuildingTestMethod2, X-TESTID=org.deployd.test.FirstSeleniumTestbuildingTestMethod3, X-TESTID=org.deployd.test.FirstSeleniumTestbuildingTestMethod]
 ###### DefaultFullHttpRequest(decodeResult: success, version: HTTP/1.1, content: UnpooledByteBufAllocator$InstrumentedUnpooledUnsafeHeapByteBuf(ridx: 0, widx: 0, cap: 0))
GET /v1/buckets/main/collections/cfr-fxa/changeset?_expected=1614634069929 HTTP/1.1
Host: firefox.settings.services.mozilla.com
User-Agent: Mozilla/5.0 (Macintosh; Intel Mac OS X 10.14; rv:89.0) Gecko/20100101 Firefox/89.0
Accept: application/json
Accept-Language: en-US,en;q=0.5
Accept-Encoding: gzip, deflate, br
Content-Type: application/json
Connection: keep-alive
Content-Length: 0 : [Host=firefox.settings.services.mozilla.com, User-Agent=Mozilla/5.0 (Macintosh; Intel Mac OS X 10.14; rv:89.0) Gecko/20100101 Firefox/89.0, Accept=application/json, Accept-Language=en-US,en;q=0.5, Accept-Encoding=gzip, deflate, br, Content-Type=application/json, Connection=keep-alive, Content-Length=0, X-TESTID=org.deployd.test.FirstSeleniumTestbuildingTestMethod2]
 ###### DefaultFullHttpRequest(decodeResult: success, version: HTTP/1.1, content: UnpooledByteBufAllocator$InstrumentedUnpooledUnsafeHeapByteBuf(ridx: 0, widx: 0, cap: 0))
GET /v1/buckets/main/collections/cfr-fxa/changeset?_expected=1614634069929 HTTP/1.1
Host: firefox.settings.services.mozilla.com
User-Agent: Mozilla/5.0 (Macintosh; Intel Mac OS X 10.14; rv:89.0) Gecko/20100101 Firefox/89.0
Accept: application/json
Accept-Language: en-US,en;q=0.5
Accept-Encoding: gzip, deflate, br
Content-Type: application/json
Connection: keep-alive
Content-Length: 0 : [Host=firefox.settings.services.mozilla.com, User-Agent=Mozilla/5.0 (Macintosh; Intel Mac OS X 10.14; rv:89.0) Gecko/20100101 Firefox/89.0, Accept=application/json, Accept-Language=en-US,en;q=0.5, Accept-Encoding=gzip, deflate, br, Content-Type=application/json, Connection=keep-alive, Content-Length=0, X-TESTID=org.deployd.test.FirstSeleniumTestbuildingTestMethod2, X-TESTID=org.deployd.test.FirstSeleniumTestbuildingTestMethod3]
 ###### DefaultFullHttpRequest(decodeResult: success, version: HTTP/1.1, content: UnpooledByteBufAllocator$InstrumentedUnpooledUnsafeHeapByteBuf(ridx: 0, widx: 0, cap: 0))
GET /v1/buckets/main/collections/cfr-fxa/changeset?_expected=1614634069929 HTTP/1.1
Host: firefox.settings.services.mozilla.com
User-Agent: Mozilla/5.0 (Macintosh; Intel Mac OS X 10.14; rv:89.0) Gecko/20100101 Firefox/89.0
Accept: application/json
Accept-Language: en-US,en;q=0.5
Accept-Encoding: gzip, deflate, br
Content-Type: application/json
Connection: keep-alive
Content-Length: 0 : [Host=firefox.settings.services.mozilla.com, User-Agent=Mozilla/5.0 (Macintosh; Intel Mac OS X 10.14; rv:89.0) Gecko/20100101 Firefox/89.0, Accept=application/json, Accept-Language=en-US,en;q=0.5, Accept-Encoding=gzip, deflate, br, Content-Type=application/json, Connection=keep-alive, Content-Length=0, X-TESTID=org.deployd.test.FirstSeleniumTestbuildingTestMethod2, X-TESTID=org.deployd.test.FirstSeleniumTestbuildingTestMethod3, X-TESTID=org.deployd.test.FirstSeleniumTestbuildingTestMethod]
 ###### DefaultFullHttpRequest(decodeResult: success, version: HTTP/1.1, content: UnpooledByteBufAllocator$InstrumentedUnpooledUnsafeHeapByteBuf(ridx: 0, widx: 0, cap: 0))
GET /favicon.ico HTTP/1.1
Host: ai.lurn.tools
User-Agent: Mozilla/5.0 (Macintosh; Intel Mac OS X 10.14; rv:89.0) Gecko/20100101 Firefox/89.0
Accept: image/webp,*/*
Accept-Language: en-US,en;q=0.5
Accept-Encoding: gzip, deflate, br
Connection: keep-alive
Referer: https://ai.lurn.tools/
Content-Length: 0 : [Host=ai.lurn.tools, User-Agent=Mozilla/5.0 (Macintosh; Intel Mac OS X 10.14; rv:89.0) Gecko/20100101 Firefox/89.0, Accept=image/webp,*/*, Accept-Language=en-US,en;q=0.5, Accept-Encoding=gzip, deflate, br, Connection=keep-alive, Referer=https://ai.lurn.tools/, Content-Length=0, X-TESTID=org.deployd.test.FirstSeleniumTestbuildingTestMethod2]
 ###### DefaultFullHttpRequest(decodeResult: success, version: HTTP/1.1, content: UnpooledByteBufAllocator$InstrumentedUnpooledUnsafeHeapByteBuf(ridx: 0, widx: 0, cap: 0))
GET /favicon.ico HTTP/1.1
Host: ai.lurn.tools
User-Agent: Mozilla/5.0 (Macintosh; Intel Mac OS X 10.14; rv:89.0) Gecko/20100101 Firefox/89.0
Accept: image/webp,*/*
Accept-Language: en-US,en;q=0.5
Accept-Encoding: gzip, deflate, br
Connection: keep-alive
Referer: https://ai.lurn.tools/
Content-Length: 0 : [Host=ai.lurn.tools, User-Agent=Mozilla/5.0 (Macintosh; Intel Mac OS X 10.14; rv:89.0) Gecko/20100101 Firefox/89.0, Accept=image/webp,*/*, Accept-Language=en-US,en;q=0.5, Accept-Encoding=gzip, deflate, br, Connection=keep-alive, Referer=https://ai.lurn.tools/, Content-Length=0, X-TESTID=org.deployd.test.FirstSeleniumTestbuildingTestMethod2, X-TESTID=org.deployd.test.FirstSeleniumTestbuildingTestMethod3]
 ###### DefaultFullHttpRequest(decodeResult: success, version: HTTP/1.1, content: UnpooledByteBufAllocator$InstrumentedUnpooledUnsafeHeapByteBuf(ridx: 0, widx: 0, cap: 0))
GET /favicon.ico HTTP/1.1
Host: ai.lurn.tools
User-Agent: Mozilla/5.0 (Macintosh; Intel Mac OS X 10.14; rv:89.0) Gecko/20100101 Firefox/89.0
Accept: image/webp,*/*
Accept-Language: en-US,en;q=0.5
Accept-Encoding: gzip, deflate, br
Connection: keep-alive
Referer: https://ai.lurn.tools/
Content-Length: 0 : [Host=ai.lurn.tools, User-Agent=Mozilla/5.0 (Macintosh; Intel Mac OS X 10.14; rv:89.0) Gecko/20100101 Firefox/89.0, Accept=image/webp,*/*, Accept-Language=en-US,en;q=0.5, Accept-Encoding=gzip, deflate, br, Connection=keep-alive, Referer=https://ai.lurn.tools/, Content-Length=0, X-TESTID=org.deployd.test.FirstSeleniumTestbuildingTestMethod2, X-TESTID=org.deployd.test.FirstSeleniumTestbuildingTestMethod3, X-TESTID=org.deployd.test.FirstSeleniumTestbuildingTestMethod]
 ###### DefaultFullHttpRequest(decodeResult: success, version: HTTP/1.1, content: UnpooledByteBufAllocator$InstrumentedUnpooledUnsafeHeapByteBuf(ridx: 0, widx: 0, cap: 0))
CONNECT ai.lurn.tools:443 HTTP/1.1
User-Agent: Mozilla/5.0 (Macintosh; Intel Mac OS X 10.14; rv:89.0) Gecko/20100101 Firefox/89.0
Proxy-Connection: keep-alive
Connection: keep-alive
Host: ai.lurn.tools:443
Content-Length: 0 : [User-Agent=Mozilla/5.0 (Macintosh; Intel Mac OS X 10.14; rv:89.0) Gecko/20100101 Firefox/89.0, Proxy-Connection=keep-alive, Connection=keep-alive, Host=ai.lurn.tools:443, Content-Length=0, X-TESTID=org.deployd.test.FirstSeleniumTestbuildingTestMethod2]
 ###### DefaultFullHttpRequest(decodeResult: success, version: HTTP/1.1, content: UnpooledByteBufAllocator$InstrumentedUnpooledUnsafeHeapByteBuf(ridx: 0, widx: 0, cap: 0))
CONNECT ai.lurn.tools:443 HTTP/1.1
User-Agent: Mozilla/5.0 (Macintosh; Intel Mac OS X 10.14; rv:89.0) Gecko/20100101 Firefox/89.0
Proxy-Connection: keep-alive
Connection: keep-alive
Host: ai.lurn.tools:443
Content-Length: 0 : [User-Agent=Mozilla/5.0 (Macintosh; Intel Mac OS X 10.14; rv:89.0) Gecko/20100101 Firefox/89.0, Proxy-Connection=keep-alive, Connection=keep-alive, Host=ai.lurn.tools:443, Content-Length=0, X-TESTID=org.deployd.test.FirstSeleniumTestbuildingTestMethod2, X-TESTID=org.deployd.test.FirstSeleniumTestbuildingTestMethod3]
 ###### DefaultFullHttpRequest(decodeResult: success, version: HTTP/1.1, content: UnpooledByteBufAllocator$InstrumentedUnpooledUnsafeHeapByteBuf(ridx: 0, widx: 0, cap: 0))
CONNECT ai.lurn.tools:443 HTTP/1.1
User-Agent: Mozilla/5.0 (Macintosh; Intel Mac OS X 10.14; rv:89.0) Gecko/20100101 Firefox/89.0
Proxy-Connection: keep-alive
Connection: keep-alive
Host: ai.lurn.tools:443
Content-Length: 0 : [User-Agent=Mozilla/5.0 (Macintosh; Intel Mac OS X 10.14; rv:89.0) Gecko/20100101 Firefox/89.0, Proxy-Connection=keep-alive, Connection=keep-alive, Host=ai.lurn.tools:443, Content-Length=0, X-TESTID=org.deployd.test.FirstSeleniumTestbuildingTestMethod2, X-TESTID=org.deployd.test.FirstSeleniumTestbuildingTestMethod3, X-TESTID=org.deployd.test.FirstSeleniumTestbuildingTestMethod]
 ###### DefaultFullHttpRequest(decodeResult: success, version: HTTP/1.1, content: UnpooledByteBufAllocator$InstrumentedUnpooledUnsafeHeapByteBuf(ridx: 0, widx: 0, cap: 0))
GET /v1/buckets/monitor/collections/changes/changeset?collection=cfr&bucket=main&_expected=0 HTTP/1.1
Host: firefox.settings.services.mozilla.com
User-Agent: Mozilla/5.0 (Macintosh; Intel Mac OS X 10.14; rv:89.0) Gecko/20100101 Firefox/89.0
Accept: */*
Accept-Language: en-US,en;q=0.5
Accept-Encoding: gzip, deflate, br
Connection: keep-alive
Content-Length: 0 : [Host=firefox.settings.services.mozilla.com, User-Agent=Mozilla/5.0 (Macintosh; Intel Mac OS X 10.14; rv:89.0) Gecko/20100101 Firefox/89.0, Accept=*/*, Accept-Language=en-US,en;q=0.5, Accept-Encoding=gzip, deflate, br, Connection=keep-alive, Content-Length=0, X-TESTID=org.deployd.test.FirstSeleniumTestbuildingTestMethod2]
 ###### DefaultFullHttpRequest(decodeResult: success, version: HTTP/1.1, content: UnpooledByteBufAllocator$InstrumentedUnpooledUnsafeHeapByteBuf(ridx: 0, widx: 0, cap: 0))
GET /v1/buckets/monitor/collections/changes/changeset?collection=cfr&bucket=main&_expected=0 HTTP/1.1
Host: firefox.settings.services.mozilla.com
User-Agent: Mozilla/5.0 (Macintosh; Intel Mac OS X 10.14; rv:89.0) Gecko/20100101 Firefox/89.0
Accept: */*
Accept-Language: en-US,en;q=0.5
Accept-Encoding: gzip, deflate, br
Connection: keep-alive
Content-Length: 0 : [Host=firefox.settings.services.mozilla.com, User-Agent=Mozilla/5.0 (Macintosh; Intel Mac OS X 10.14; rv:89.0) Gecko/20100101 Firefox/89.0, Accept=*/*, Accept-Language=en-US,en;q=0.5, Accept-Encoding=gzip, deflate, br, Connection=keep-alive, Content-Length=0, X-TESTID=org.deployd.test.FirstSeleniumTestbuildingTestMethod2, X-TESTID=org.deployd.test.FirstSeleniumTestbuildingTestMethod3]
 ###### DefaultFullHttpRequest(decodeResult: success, version: HTTP/1.1, content: UnpooledByteBufAllocator$InstrumentedUnpooledUnsafeHeapByteBuf(ridx: 0, widx: 0, cap: 0))
GET /v1/buckets/monitor/collections/changes/changeset?collection=cfr&bucket=main&_expected=0 HTTP/1.1
Host: firefox.settings.services.mozilla.com
User-Agent: Mozilla/5.0 (Macintosh; Intel Mac OS X 10.14; rv:89.0) Gecko/20100101 Firefox/89.0
Accept: */*
Accept-Language: en-US,en;q=0.5
Accept-Encoding: gzip, deflate, br
Connection: keep-alive
Content-Length: 0 : [Host=firefox.settings.services.mozilla.com, User-Agent=Mozilla/5.0 (Macintosh; Intel Mac OS X 10.14; rv:89.0) Gecko/20100101 Firefox/89.0, Accept=*/*, Accept-Language=en-US,en;q=0.5, Accept-Encoding=gzip, deflate, br, Connection=keep-alive, Content-Length=0, X-TESTID=org.deployd.test.FirstSeleniumTestbuildingTestMethod2, X-TESTID=org.deployd.test.FirstSeleniumTestbuildingTestMethod3, X-TESTID=org.deployd.test.FirstSeleniumTestbuildingTestMethod]
 ###### DefaultFullHttpRequest(decodeResult: success, version: HTTP/1.1, content: UnpooledByteBufAllocator$InstrumentedUnpooledUnsafeHeapByteBuf(ridx: 0, widx: 0, cap: 0))
GET /v1/buckets/main/collections/cfr/changeset?_expected=1624472165995 HTTP/1.1
Host: firefox.settings.services.mozilla.com
User-Agent: Mozilla/5.0 (Macintosh; Intel Mac OS X 10.14; rv:89.0) Gecko/20100101 Firefox/89.0
Accept: application/json
Accept-Language: en-US,en;q=0.5
Accept-Encoding: gzip, deflate, br
Content-Type: application/json
Connection: keep-alive
Content-Length: 0 : [Host=firefox.settings.services.mozilla.com, User-Agent=Mozilla/5.0 (Macintosh; Intel Mac OS X 10.14; rv:89.0) Gecko/20100101 Firefox/89.0, Accept=application/json, Accept-Language=en-US,en;q=0.5, Accept-Encoding=gzip, deflate, br, Content-Type=application/json, Connection=keep-alive, Content-Length=0, X-TESTID=org.deployd.test.FirstSeleniumTestbuildingTestMethod2]
 ###### DefaultFullHttpRequest(decodeResult: success, version: HTTP/1.1, content: UnpooledByteBufAllocator$InstrumentedUnpooledUnsafeHeapByteBuf(ridx: 0, widx: 0, cap: 0))
GET /v1/buckets/main/collections/cfr/changeset?_expected=1624472165995 HTTP/1.1
Host: firefox.settings.services.mozilla.com
User-Agent: Mozilla/5.0 (Macintosh; Intel Mac OS X 10.14; rv:89.0) Gecko/20100101 Firefox/89.0
Accept: application/json
Accept-Language: en-US,en;q=0.5
Accept-Encoding: gzip, deflate, br
Content-Type: application/json
Connection: keep-alive
Content-Length: 0 : [Host=firefox.settings.services.mozilla.com, User-Agent=Mozilla/5.0 (Macintosh; Intel Mac OS X 10.14; rv:89.0) Gecko/20100101 Firefox/89.0, Accept=application/json, Accept-Language=en-US,en;q=0.5, Accept-Encoding=gzip, deflate, br, Content-Type=application/json, Connection=keep-alive, Content-Length=0, X-TESTID=org.deployd.test.FirstSeleniumTestbuildingTestMethod2, X-TESTID=org.deployd.test.FirstSeleniumTestbuildingTestMethod3]
 ###### DefaultFullHttpRequest(decodeResult: success, version: HTTP/1.1, content: UnpooledByteBufAllocator$InstrumentedUnpooledUnsafeHeapByteBuf(ridx: 0, widx: 0, cap: 0))
GET /v1/buckets/main/collections/cfr/changeset?_expected=1624472165995 HTTP/1.1
Host: firefox.settings.services.mozilla.com
User-Agent: Mozilla/5.0 (Macintosh; Intel Mac OS X 10.14; rv:89.0) Gecko/20100101 Firefox/89.0
Accept: application/json
Accept-Language: en-US,en;q=0.5
Accept-Encoding: gzip, deflate, br
Content-Type: application/json
Connection: keep-alive
Content-Length: 0 : [Host=firefox.settings.services.mozilla.com, User-Agent=Mozilla/5.0 (Macintosh; Intel Mac OS X 10.14; rv:89.0) Gecko/20100101 Firefox/89.0, Accept=application/json, Accept-Language=en-US,en;q=0.5, Accept-Encoding=gzip, deflate, br, Content-Type=application/json, Connection=keep-alive, Content-Length=0, X-TESTID=org.deployd.test.FirstSeleniumTestbuildingTestMethod2, X-TESTID=org.deployd.test.FirstSeleniumTestbuildingTestMethod3, X-TESTID=org.deployd.test.FirstSeleniumTestbuildingTestMethod]
 ###### DefaultFullHttpRequest(decodeResult: success, version: HTTP/1.1, content: UnpooledByteBufAllocator$InstrumentedUnpooledUnsafeHeapByteBuf(ridx: 0, widx: 0, cap: 0))
GET /admin/v2/dashboarddetails HTTP/1.1
Host: ai.lurn.tools
User-Agent: Mozilla/5.0 (Macintosh; Intel Mac OS X 10.14; rv:89.0) Gecko/20100101 Firefox/89.0
Accept: text/html,application/xhtml+xml,application/xml;q=0.9,image/webp,*/*;q=0.8
Accept-Language: en-US,en;q=0.5
Accept-Encoding: gzip, deflate, br
Connection: keep-alive
Upgrade-Insecure-Requests: 1
Content-Length: 0 : [Host=ai.lurn.tools, User-Agent=Mozilla/5.0 (Macintosh; Intel Mac OS X 10.14; rv:89.0) Gecko/20100101 Firefox/89.0, Accept=text/html,application/xhtml+xml,application/xml;q=0.9,image/webp,*/*;q=0.8, Accept-Language=en-US,en;q=0.5, Accept-Encoding=gzip, deflate, br, Connection=keep-alive, Upgrade-Insecure-Requests=1, Content-Length=0, X-TESTID=org.deployd.test.FirstSeleniumTestbuildingTestMethod2]
 ###### DefaultFullHttpRequest(decodeResult: success, version: HTTP/1.1, content: UnpooledByteBufAllocator$InstrumentedUnpooledUnsafeHeapByteBuf(ridx: 0, widx: 0, cap: 0))
GET /admin/v2/dashboarddetails HTTP/1.1
Host: ai.lurn.tools
User-Agent: Mozilla/5.0 (Macintosh; Intel Mac OS X 10.14; rv:89.0) Gecko/20100101 Firefox/89.0
Accept: text/html,application/xhtml+xml,application/xml;q=0.9,image/webp,*/*;q=0.8
Accept-Language: en-US,en;q=0.5
Accept-Encoding: gzip, deflate, br
Connection: keep-alive
Upgrade-Insecure-Requests: 1
Content-Length: 0 : [Host=ai.lurn.tools, User-Agent=Mozilla/5.0 (Macintosh; Intel Mac OS X 10.14; rv:89.0) Gecko/20100101 Firefox/89.0, Accept=text/html,application/xhtml+xml,application/xml;q=0.9,image/webp,*/*;q=0.8, Accept-Language=en-US,en;q=0.5, Accept-Encoding=gzip, deflate, br, Connection=keep-alive, Upgrade-Insecure-Requests=1, Content-Length=0, X-TESTID=org.deployd.test.FirstSeleniumTestbuildingTestMethod2, X-TESTID=org.deployd.test.FirstSeleniumTestbuildingTestMethod3]
 ###### DefaultFullHttpRequest(decodeResult: success, version: HTTP/1.1, content: UnpooledByteBufAllocator$InstrumentedUnpooledUnsafeHeapByteBuf(ridx: 0, widx: 0, cap: 0))
GET /admin/v2/dashboarddetails HTTP/1.1
Host: ai.lurn.tools
User-Agent: Mozilla/5.0 (Macintosh; Intel Mac OS X 10.14; rv:89.0) Gecko/20100101 Firefox/89.0
Accept: text/html,application/xhtml+xml,application/xml;q=0.9,image/webp,*/*;q=0.8
Accept-Language: en-US,en;q=0.5
Accept-Encoding: gzip, deflate, br
Connection: keep-alive
Upgrade-Insecure-Requests: 1
Content-Length: 0 : [Host=ai.lurn.tools, User-Agent=Mozilla/5.0 (Macintosh; Intel Mac OS X 10.14; rv:89.0) Gecko/20100101 Firefox/89.0, Accept=text/html,application/xhtml+xml,application/xml;q=0.9,image/webp,*/*;q=0.8, Accept-Language=en-US,en;q=0.5, Accept-Encoding=gzip, deflate, br, Connection=keep-alive, Upgrade-Insecure-Requests=1, Content-Length=0, X-TESTID=org.deployd.test.FirstSeleniumTestbuildingTestMethod2, X-TESTID=org.deployd.test.FirstSeleniumTestbuildingTestMethod3, X-TESTID=org.deployd.test.FirstSeleniumTestbuildingTestMethod]
 ###### DefaultFullHttpRequest(decodeResult: success, version: HTTP/1.1, content: UnpooledByteBufAllocator$InstrumentedUnpooledUnsafeHeapByteBuf(ridx: 0, widx: 0, cap: 0))
GET /v1/buckets/monitor/collections/changes/changeset?collection=whats-new-panel&bucket=main&_expected=0 HTTP/1.1
Host: firefox.settings.services.mozilla.com
User-Agent: Mozilla/5.0 (Macintosh; Intel Mac OS X 10.14; rv:89.0) Gecko/20100101 Firefox/89.0
Accept: */*
Accept-Language: en-US,en;q=0.5
Accept-Encoding: gzip, deflate, br
Connection: keep-alive
Content-Length: 0 : [Host=firefox.settings.services.mozilla.com, User-Agent=Mozilla/5.0 (Macintosh; Intel Mac OS X 10.14; rv:89.0) Gecko/20100101 Firefox/89.0, Accept=*/*, Accept-Language=en-US,en;q=0.5, Accept-Encoding=gzip, deflate, br, Connection=keep-alive, Content-Length=0, X-TESTID=org.deployd.test.FirstSeleniumTestbuildingTestMethod2]
 ###### DefaultFullHttpRequest(decodeResult: success, version: HTTP/1.1, content: UnpooledByteBufAllocator$InstrumentedUnpooledUnsafeHeapByteBuf(ridx: 0, widx: 0, cap: 0))
GET /v1/buckets/monitor/collections/changes/changeset?collection=whats-new-panel&bucket=main&_expected=0 HTTP/1.1
Host: firefox.settings.services.mozilla.com
User-Agent: Mozilla/5.0 (Macintosh; Intel Mac OS X 10.14; rv:89.0) Gecko/20100101 Firefox/89.0
Accept: */*
Accept-Language: en-US,en;q=0.5
Accept-Encoding: gzip, deflate, br
Connection: keep-alive
Content-Length: 0 : [Host=firefox.settings.services.mozilla.com, User-Agent=Mozilla/5.0 (Macintosh; Intel Mac OS X 10.14; rv:89.0) Gecko/20100101 Firefox/89.0, Accept=*/*, Accept-Language=en-US,en;q=0.5, Accept-Encoding=gzip, deflate, br, Connection=keep-alive, Content-Length=0, X-TESTID=org.deployd.test.FirstSeleniumTestbuildingTestMethod2, X-TESTID=org.deployd.test.FirstSeleniumTestbuildingTestMethod3]
 ###### DefaultFullHttpRequest(decodeResult: success, version: HTTP/1.1, content: UnpooledByteBufAllocator$InstrumentedUnpooledUnsafeHeapByteBuf(ridx: 0, widx: 0, cap: 0))
GET /v1/buckets/monitor/collections/changes/changeset?collection=whats-new-panel&bucket=main&_expected=0 HTTP/1.1
Host: firefox.settings.services.mozilla.com
User-Agent: Mozilla/5.0 (Macintosh; Intel Mac OS X 10.14; rv:89.0) Gecko/20100101 Firefox/89.0
Accept: */*
Accept-Language: en-US,en;q=0.5
Accept-Encoding: gzip, deflate, br
Connection: keep-alive
Content-Length: 0 : [Host=firefox.settings.services.mozilla.com, User-Agent=Mozilla/5.0 (Macintosh; Intel Mac OS X 10.14; rv:89.0) Gecko/20100101 Firefox/89.0, Accept=*/*, Accept-Language=en-US,en;q=0.5, Accept-Encoding=gzip, deflate, br, Connection=keep-alive, Content-Length=0, X-TESTID=org.deployd.test.FirstSeleniumTestbuildingTestMethod2, X-TESTID=org.deployd.test.FirstSeleniumTestbuildingTestMethod3, X-TESTID=org.deployd.test.FirstSeleniumTestbuildingTestMethod]
 ###### DefaultFullHttpRequest(decodeResult: success, version: HTTP/1.1, content: UnpooledByteBufAllocator$InstrumentedUnpooledUnsafeHeapByteBuf(ridx: 0, widx: 0, cap: 0))
GET /v1/buckets/main/collections/whats-new-panel/changeset?_expected=1617030573137 HTTP/1.1
Host: firefox.settings.services.mozilla.com
User-Agent: Mozilla/5.0 (Macintosh; Intel Mac OS X 10.14; rv:89.0) Gecko/20100101 Firefox/89.0
Accept: application/json
Accept-Language: en-US,en;q=0.5
Accept-Encoding: gzip, deflate, br
Content-Type: application/json
Connection: keep-alive
Content-Length: 0 : [Host=firefox.settings.services.mozilla.com, User-Agent=Mozilla/5.0 (Macintosh; Intel Mac OS X 10.14; rv:89.0) Gecko/20100101 Firefox/89.0, Accept=application/json, Accept-Language=en-US,en;q=0.5, Accept-Encoding=gzip, deflate, br, Content-Type=application/json, Connection=keep-alive, Content-Length=0, X-TESTID=org.deployd.test.FirstSeleniumTestbuildingTestMethod2]
 ###### DefaultFullHttpRequest(decodeResult: success, version: HTTP/1.1, content: UnpooledByteBufAllocator$InstrumentedUnpooledUnsafeHeapByteBuf(ridx: 0, widx: 0, cap: 0))
GET /v1/buckets/main/collections/whats-new-panel/changeset?_expected=1617030573137 HTTP/1.1
Host: firefox.settings.services.mozilla.com
User-Agent: Mozilla/5.0 (Macintosh; Intel Mac OS X 10.14; rv:89.0) Gecko/20100101 Firefox/89.0
Accept: application/json
Accept-Language: en-US,en;q=0.5
Accept-Encoding: gzip, deflate, br
Content-Type: application/json
Connection: keep-alive
Content-Length: 0 : [Host=firefox.settings.services.mozilla.com, User-Agent=Mozilla/5.0 (Macintosh; Intel Mac OS X 10.14; rv:89.0) Gecko/20100101 Firefox/89.0, Accept=application/json, Accept-Language=en-US,en;q=0.5, Accept-Encoding=gzip, deflate, br, Content-Type=application/json, Connection=keep-alive, Content-Length=0, X-TESTID=org.deployd.test.FirstSeleniumTestbuildingTestMethod2, X-TESTID=org.deployd.test.FirstSeleniumTestbuildingTestMethod3]
 ###### DefaultFullHttpRequest(decodeResult: success, version: HTTP/1.1, content: UnpooledByteBufAllocator$InstrumentedUnpooledUnsafeHeapByteBuf(ridx: 0, widx: 0, cap: 0))
GET /v1/buckets/main/collections/whats-new-panel/changeset?_expected=1617030573137 HTTP/1.1
Host: firefox.settings.services.mozilla.com
User-Agent: Mozilla/5.0 (Macintosh; Intel Mac OS X 10.14; rv:89.0) Gecko/20100101 Firefox/89.0
Accept: application/json
Accept-Language: en-US,en;q=0.5
Accept-Encoding: gzip, deflate, br
Content-Type: application/json
Connection: keep-alive
Content-Length: 0 : [Host=firefox.settings.services.mozilla.com, User-Agent=Mozilla/5.0 (Macintosh; Intel Mac OS X 10.14; rv:89.0) Gecko/20100101 Firefox/89.0, Accept=application/json, Accept-Language=en-US,en;q=0.5, Accept-Encoding=gzip, deflate, br, Content-Type=application/json, Connection=keep-alive, Content-Length=0, X-TESTID=org.deployd.test.FirstSeleniumTestbuildingTestMethod2, X-TESTID=org.deployd.test.FirstSeleniumTestbuildingTestMethod3, X-TESTID=org.deployd.test.FirstSeleniumTestbuildingTestMethod]
 ###### DefaultFullHttpRequest(decodeResult: success, version: HTTP/1.1, content: UnpooledByteBufAllocator$InstrumentedUnpooledUnsafeHeapByteBuf(ridx: 0, widx: 0, cap: 0))
GET /favicon.ico HTTP/1.1
Host: ai.lurn.tools
User-Agent: Mozilla/5.0 (Macintosh; Intel Mac OS X 10.14; rv:89.0) Gecko/20100101 Firefox/89.0
Accept: image/webp,*/*
Accept-Language: en-US,en;q=0.5
Accept-Encoding: gzip, deflate, br
Connection: keep-alive
Referer: https://ai.lurn.tools/admin/v2/dashboarddetails
Content-Length: 0 : [Host=ai.lurn.tools, User-Agent=Mozilla/5.0 (Macintosh; Intel Mac OS X 10.14; rv:89.0) Gecko/20100101 Firefox/89.0, Accept=image/webp,*/*, Accept-Language=en-US,en;q=0.5, Accept-Encoding=gzip, deflate, br, Connection=keep-alive, Referer=https://ai.lurn.tools/admin/v2/dashboarddetails, Content-Length=0, X-TESTID=org.deployd.test.FirstSeleniumTestbuildingTestMethod2]
 ###### DefaultFullHttpRequest(decodeResult: success, version: HTTP/1.1, content: UnpooledByteBufAllocator$InstrumentedUnpooledUnsafeHeapByteBuf(ridx: 0, widx: 0, cap: 0))
GET /favicon.ico HTTP/1.1
Host: ai.lurn.tools
User-Agent: Mozilla/5.0 (Macintosh; Intel Mac OS X 10.14; rv:89.0) Gecko/20100101 Firefox/89.0
Accept: image/webp,*/*
Accept-Language: en-US,en;q=0.5
Accept-Encoding: gzip, deflate, br
Connection: keep-alive
Referer: https://ai.lurn.tools/admin/v2/dashboarddetails
Content-Length: 0 : [Host=ai.lurn.tools, User-Agent=Mozilla/5.0 (Macintosh; Intel Mac OS X 10.14; rv:89.0) Gecko/20100101 Firefox/89.0, Accept=image/webp,*/*, Accept-Language=en-US,en;q=0.5, Accept-Encoding=gzip, deflate, br, Connection=keep-alive, Referer=https://ai.lurn.tools/admin/v2/dashboarddetails, Content-Length=0, X-TESTID=org.deployd.test.FirstSeleniumTestbuildingTestMethod2, X-TESTID=org.deployd.test.FirstSeleniumTestbuildingTestMethod3]
 ###### DefaultFullHttpRequest(decodeResult: success, version: HTTP/1.1, content: UnpooledByteBufAllocator$InstrumentedUnpooledUnsafeHeapByteBuf(ridx: 0, widx: 0, cap: 0))
GET /favicon.ico HTTP/1.1
Host: ai.lurn.tools
User-Agent: Mozilla/5.0 (Macintosh; Intel Mac OS X 10.14; rv:89.0) Gecko/20100101 Firefox/89.0
Accept: image/webp,*/*
Accept-Language: en-US,en;q=0.5
Accept-Encoding: gzip, deflate, br
Connection: keep-alive
Referer: https://ai.lurn.tools/admin/v2/dashboarddetails
Content-Length: 0 : [Host=ai.lurn.tools, User-Agent=Mozilla/5.0 (Macintosh; Intel Mac OS X 10.14; rv:89.0) Gecko/20100101 Firefox/89.0, Accept=image/webp,*/*, Accept-Language=en-US,en;q=0.5, Accept-Encoding=gzip, deflate, br, Connection=keep-alive, Referer=https://ai.lurn.tools/admin/v2/dashboarddetails, Content-Length=0, X-TESTID=org.deployd.test.FirstSeleniumTestbuildingTestMethod2, X-TESTID=org.deployd.test.FirstSeleniumTestbuildingTestMethod3, X-TESTID=org.deployd.test.FirstSeleniumTestbuildingTestMethod]
FAILED: buildingTestMethod2
java.lang.AssertionError: expected [503 Service Temporarily Unavailable] but found [Dashboard]
	at org.testng.Assert.fail(Assert.java:99)
	at org.testng.Assert.failNotEquals(Assert.java:1037)
	at org.testng.Assert.assertEqualsImpl(Assert.java:140)
	at org.testng.Assert.assertEquals(Assert.java:122)
	at org.testng.Assert.assertEquals(Assert.java:629)
	at org.testng.Assert.assertEquals(Assert.java:639)
	at org.deployd.test.FirstSeleniumTest.buildingTestMethod2(FirstSeleniumTest.java:39)
	at java.base/jdk.internal.reflect.NativeMethodAccessorImpl.invoke0(Native Method)
	at java.base/jdk.internal.reflect.NativeMethodAccessorImpl.invoke(NativeMethodAccessorImpl.java:62)
	at java.base/jdk.internal.reflect.DelegatingMethodAccessorImpl.invoke(DelegatingMethodAccessorImpl.java:43)
	at java.base/java.lang.reflect.Method.invoke(Method.java:566)
	at org.testng.internal.MethodInvocationHelper.invokeMethod(MethodInvocationHelper.java:133)
	at org.testng.internal.TestInvoker.invokeMethod(TestInvoker.java:598)
	at org.testng.internal.TestInvoker.invokeTestMethod(TestInvoker.java:173)
	at org.testng.internal.MethodRunner.runInSequence(MethodRunner.java:46)
	at org.testng.internal.TestInvoker$MethodInvocationAgent.invoke(TestInvoker.java:824)
	at org.testng.internal.TestInvoker.invokeTestMethods(TestInvoker.java:146)
	at org.testng.internal.TestMethodWorker.invokeTestMethods(TestMethodWorker.java:146)
	at org.testng.internal.TestMethodWorker.run(TestMethodWorker.java:128)
	at java.base/java.util.concurrent.ThreadPoolExecutor.runWorker(ThreadPoolExecutor.java:1128)
	at java.base/java.util.concurrent.ThreadPoolExecutor$Worker.run(ThreadPoolExecutor.java:628)
	at java.base/java.lang.Thread.run(Thread.java:834)

FAILED: buildingTestMethod
java.lang.AssertionError: expected [503 Service Temporarily Unavailable] but found [Dashboard]
	at org.testng.Assert.fail(Assert.java:99)
	at org.testng.Assert.failNotEquals(Assert.java:1037)
	at org.testng.Assert.assertEqualsImpl(Assert.java:140)
	at org.testng.Assert.assertEquals(Assert.java:122)
	at org.testng.Assert.assertEquals(Assert.java:629)
	at org.testng.Assert.assertEquals(Assert.java:639)
	at org.deployd.test.FirstSeleniumTest.buildingTestMethod(FirstSeleniumTest.java:33)
	at java.base/jdk.internal.reflect.NativeMethodAccessorImpl.invoke0(Native Method)
	at java.base/jdk.internal.reflect.NativeMethodAccessorImpl.invoke(NativeMethodAccessorImpl.java:62)
	at java.base/jdk.internal.reflect.DelegatingMethodAccessorImpl.invoke(DelegatingMethodAccessorImpl.java:43)
	at java.base/java.lang.reflect.Method.invoke(Method.java:566)
	at org.testng.internal.MethodInvocationHelper.invokeMethod(MethodInvocationHelper.java:133)
	at org.testng.internal.TestInvoker.invokeMethod(TestInvoker.java:598)
	at org.testng.internal.TestInvoker.invokeTestMethod(TestInvoker.java:173)
	at org.testng.internal.MethodRunner.runInSequence(MethodRunner.java:46)
	at org.testng.internal.TestInvoker$MethodInvocationAgent.invoke(TestInvoker.java:824)
	at org.testng.internal.TestInvoker.invokeTestMethods(TestInvoker.java:146)
	at org.testng.internal.TestMethodWorker.invokeTestMethods(TestMethodWorker.java:146)
	at org.testng.internal.TestMethodWorker.run(TestMethodWorker.java:128)
	at java.base/java.util.concurrent.ThreadPoolExecutor.runWorker(ThreadPoolExecutor.java:1128)
	at java.base/java.util.concurrent.ThreadPoolExecutor$Worker.run(ThreadPoolExecutor.java:628)
	at java.base/java.lang.Thread.run(Thread.java:834)

FAILED: buildingTestMethod3
java.lang.AssertionError: expected [503 Service Temporarily Unavailable] but found [Youthful Diamonds]
	at org.testng.Assert.fail(Assert.java:99)
	at org.testng.Assert.failNotEquals(Assert.java:1037)
	at org.testng.Assert.assertEqualsImpl(Assert.java:140)
	at org.testng.Assert.assertEquals(Assert.java:122)
	at org.testng.Assert.assertEquals(Assert.java:629)
	at org.testng.Assert.assertEquals(Assert.java:639)
	at org.deployd.test.FirstSeleniumTest.buildingTestMethod3(FirstSeleniumTest.java:46)
	at java.base/jdk.internal.reflect.NativeMethodAccessorImpl.invoke0(Native Method)
	at java.base/jdk.internal.reflect.NativeMethodAccessorImpl.invoke(NativeMethodAccessorImpl.java:62)
	at java.base/jdk.internal.reflect.DelegatingMethodAccessorImpl.invoke(DelegatingMethodAccessorImpl.java:43)
	at java.base/java.lang.reflect.Method.invoke(Method.java:566)
	at org.testng.internal.MethodInvocationHelper.invokeMethod(MethodInvocationHelper.java:133)
	at org.testng.internal.TestInvoker.invokeMethod(TestInvoker.java:598)
	at org.testng.internal.TestInvoker.invokeTestMethod(TestInvoker.java:173)
	at org.testng.internal.MethodRunner.runInSequence(MethodRunner.java:46)
	at org.testng.internal.TestInvoker$MethodInvocationAgent.invoke(TestInvoker.java:824)
	at org.testng.internal.TestInvoker.invokeTestMethods(TestInvoker.java:146)
	at org.testng.internal.TestMethodWorker.invokeTestMethods(TestMethodWorker.java:146)
	at org.testng.internal.TestMethodWorker.run(TestMethodWorker.java:128)
	at java.base/java.util.concurrent.ThreadPoolExecutor.runWorker(ThreadPoolExecutor.java:1128)
	at java.base/java.util.concurrent.ThreadPoolExecutor$Worker.run(ThreadPoolExecutor.java:628)
	at java.base/java.lang.Thread.run(Thread.java:834)


===============================================
    AppTestCase
    Tests run: 3, Failures: 3, Skips: 0
===============================================

Tests run: 3, Failures: 3, Errors: 0, Skipped: 0, Time elapsed: 62.43 sec <<< FAILURE!
buildingTestMethod2(org.deployd.test.FirstSeleniumTest)  Time elapsed: 11.006 sec  <<< FAILURE!
java.lang.AssertionError: expected [503 Service Temporarily Unavailable] but found [Dashboard]
	at org.testng.Assert.fail(Assert.java:99)
	at org.testng.Assert.failNotEquals(Assert.java:1037)
	at org.testng.Assert.assertEqualsImpl(Assert.java:140)
	at org.testng.Assert.assertEquals(Assert.java:122)
	at org.testng.Assert.assertEquals(Assert.java:629)
	at org.testng.Assert.assertEquals(Assert.java:639)
	at org.deployd.test.FirstSeleniumTest.buildingTestMethod2(FirstSeleniumTest.java:39)

buildingTestMethod3(org.deployd.test.FirstSeleniumTest)  Time elapsed: 11.011 sec  <<< FAILURE!
java.lang.AssertionError: expected [503 Service Temporarily Unavailable] but found [Youthful Diamonds]
	at org.testng.Assert.fail(Assert.java:99)
	at org.testng.Assert.failNotEquals(Assert.java:1037)
	at org.testng.Assert.assertEqualsImpl(Assert.java:140)
	at org.testng.Assert.assertEquals(Assert.java:122)
	at org.testng.Assert.assertEquals(Assert.java:629)
	at org.testng.Assert.assertEquals(Assert.java:639)
	at org.deployd.test.FirstSeleniumTest.buildingTestMethod3(FirstSeleniumTest.java:46)

buildingTestMethod(org.deployd.test.FirstSeleniumTest)  Time elapsed: 11.012 sec  <<< FAILURE!
java.lang.AssertionError: expected [503 Service Temporarily Unavailable] but found [Dashboard]
	at org.testng.Assert.fail(Assert.java:99)
	at org.testng.Assert.failNotEquals(Assert.java:1037)
	at org.testng.Assert.assertEqualsImpl(Assert.java:140)
	at org.testng.Assert.assertEquals(Assert.java:122)
	at org.testng.Assert.assertEquals(Assert.java:629)
	at org.testng.Assert.assertEquals(Assert.java:639)
	at org.deployd.test.FirstSeleniumTest.buildingTestMethod(FirstSeleniumTest.java:33)


Results :

Failed tests:   buildingTestMethod2(org.deployd.test.FirstSeleniumTest): expected [503 Service Temporarily Unavailable] but found [Dashboard]
  buildingTestMethod3(org.deployd.test.FirstSeleniumTest): expected [503 Service Temporarily Unavailable] but found [Youthful Diamonds]
  buildingTestMethod(org.deployd.test.FirstSeleniumTest): expected [503 Service Temporarily Unavailable] but found [Dashboard]

Tests run: 3, Failures: 3, Errors: 0, Skipped: 0

[INFO] ------------------------------------------------------------------------
[INFO] BUILD FAILURE
[INFO] ------------------------------------------------------------------------
[INFO] Total time: 01:18 min
[INFO] Finished at: 2021-07-05T23:49:00-05:00
[INFO] Final Memory: 18M/64M
[INFO] ------------------------------------------------------------------------
[ERROR] Failed to execute goal org.apache.maven.plugins:maven-surefire-plugin:2.12.4:test (default-test) on project deploydseleniumtest: There are test failures.
[ERROR] 
[ERROR] Please refer to /Users/deepakchaudhary/dc_consulting/deploydseleniumtest/target/surefire-reports for the individual test results.
[ERROR] -> [Help 1]
[ERROR] 
[ERROR] To see the full stack trace of the errors, re-run Maven with the -e switch.
[ERROR] Re-run Maven using the -X switch to enable full debug logging.
[ERROR] 
[ERROR] For more information about the errors and possible solutions, please read the following articles:
[ERROR] [Help 1] http://cwiki.apache.org/confluence/display/MAVEN/MojoFailureException
